******************************************************************************
                  TI ARM Linker PC v18.1.2                     
******************************************************************************
>> Linked Tue Jan 22 19:53:04 2019

OUTPUT FILE NAME:   <Lab1.out>
ENTRY POINT SYMBOL: "_c_int00_noargs"  address: 000028b1


MEMORY CONFIGURATION

         name            origin    length      used     unused   attr    fill
----------------------  --------  ---------  --------  --------  ----  --------
  FLASH                 00000000   00040000  00002c3e  0003d3c2  R  X
  SRAM                  20000000   00008000  00002088  00005f78  RW X


SEGMENT ALLOCATION MAP

run origin  load origin   length   init length attrs members
----------  ----------- ---------- ----------- ----- -------
00000000    00000000    00002c40   00002c40    r-x
  00000000    00000000    0000026c   0000026c    r-- .intvecs
  0000026c    0000026c    00002874   00002874    r-x .text
  00002ae0    00002ae0    0000011e   0000011e    r-- .const
  00002c00    00002c00    00000040   00000040    r-- .cinit
20000000    20000000    00002088   00000000    rw-
  20000000    20000000    00001000   00000000    rw- .stack
  20001000    20001000    00001000   00000000    rw- .sysmem
  20002000    20002000    00000070   00000000    rw- .bss
  20002070    20002070    00000018   00000000    rw- .data


SECTION ALLOCATION MAP

 output                                  attributes/
section   page    origin      length       input sections
--------  ----  ----------  ----------   ----------------
.intvecs   0    00000000    0000026c     
                  00000000    0000026c     tm4c123gh6pm_startup_ccs.obj (.intvecs)

.text      0    0000026c    00002874     
                  0000026c    00000a5e     rtsv7M4_T_le_v4SPD16_eabi.lib : _printfi.c.obj (.text:__TI_printfi)
                  00000cca    00000002                                   : _lock.c.obj (.text:_nop)
                  00000ccc    000003ac     lcd.obj (.text)
                  00001078    00000270     rtsv7M4_T_le_v4SPD16_eabi.lib : _printfi.c.obj (.text:_pconv_a)
                  000012e8    000001d0                                   : _printfi.c.obj (.text:_pconv_g)
                  000014b8    000001b6                                   : fd_add_t2.asm.obj (.text)
                  0000166e    00000002                                   : div0.asm.obj (.text)
                  00001670    00000158     timer.obj (.text)
                  000017c8    0000013c     rtsv7M4_T_le_v4SPD16_eabi.lib : _printfi.c.obj (.text:_pconv_e)
                  00001904    00000136                                   : fd_div_t2.asm.obj (.text)
                  00001a3a    00000002     --HOLE-- [fill = 0]
                  00001a3c    00000134                                   : vla_alloc.c.obj (.text:__vla_alloc)
                  00001b70    00000120                                   : _printfi.c.obj (.text:fcvt)
                  00001c90    00000114                                   : memory.c.obj (.text:realloc)
                  00001da4    00000110                                   : s_scalbn.c.obj (.text:scalbn)
                  00001eb4    000000fc                                   : fd_mul_t2.asm.obj (.text)
                  00001fb0    000000d8                                   : memory.c.obj (.text:free)
                  00002088    000000b1                                   : _printfi.c.obj (.text:_ltostr)
                  00002139    00000001     --HOLE-- [fill = 0]
                  0000213a    0000009c                                   : memcpy_t2.asm.obj (.text)
                  000021d6    00000096                                   : ull_div_t2.asm.obj (.text)
                  0000226c    00000086                                   : fd_cmp_t2.asm.obj (.text:__aeabi_cdcmple)
                  000022f2    00000086                                   : fd_cmp_t2.asm.obj (.text:__aeabi_cdrcmple)
                  00002378    0000007a                                   : memset_t2.asm.obj (.text)
                  000023f2    00000002     --HOLE-- [fill = 0]
                  000023f4    00000078                                   : vla_alloc.c.obj (.text:_ZN33_INTERNAL_11_vla_alloc_c_be8bd49b21free_dead_allocationsEPv)
                  0000246c    00000078                                   : memory.c.obj (.text:malloc)
                  000024e4    0000006e                                   : _printfi.c.obj (.text:_mcpy)
                  00002552    00000068                                   : copy_decompress_lzss.c.obj (.text:decompress:lzss:__TI_decompress_lzss)
                  000025ba    00000002     --HOLE-- [fill = 0]
                  000025bc    00000064                                   : s_frexp.c.obj (.text:frexp)
                  00002620    00000056                                   : _printfi.c.obj (.text:_pconv_f)
                  00002676    00000054                                   : ltoa.c.obj (.text:ltoa)
                  000026ca    00000052                                   : _printfi.c.obj (.text:_ecpy)
                  0000271c    0000004c                                   : atoi.c.obj (.text:atoi)
                  00002768    00000048                                   : fd_toi_t2.asm.obj (.text)
                  000027b0    00000044                                   : autoinit.c.obj (.text:__TI_auto_init_nobinit_nopinit:__TI_auto_init_nobinit_nopinit)
                  000027f4    00000040                                   : vsnprintf.c.obj (.text:vsnprintf)
                  00002834    0000003e                                   : _printfi.c.obj (.text:_fcpy)
                  00002872    00000002     --HOLE-- [fill = 0]
                  00002874    0000003c                                   : memory.c.obj (.text:minsert)
                  000028b0    00000038                                   : boot_cortex_m.c.obj (.text:_c_int00_noargs:_c_int00_noargs)
                  000028e8    00000038                                   : memory.c.obj (.text:minit)
                  00002920    00000030                                   : vsnprintf.c.obj (.text:_outs)
                  00002950    0000002e                                   : i_tofd_t2.asm.obj (.text)
                  0000297e    00000002     --HOLE-- [fill = 0]
                  00002980    00000028                                   : memory.c.obj (.text:mremove)
                  000029a8    0000001e                                   : strcat.c.obj (.text:strcat)
                  000029c6    0000001c                                   : memccpy.c.obj (.text:memccpy)
                  000029e2    00000018                                   : vsnprintf.c.obj (.text:_outc)
                  000029fa    00000018                                   : strcmp.c.obj (.text:strcmp)
                  00002a12    00000002     --HOLE-- [fill = 0]
                  00002a14    00000016     l1_main.obj (.text)
                  00002a2a    00000016     rtsv7M4_T_le_v4SPD16_eabi.lib : strchr.c.obj (.text:strchr)
                  00002a40    00000014                                   : s_copysign.c.obj (.text:copysign)
                  00002a54    00000014                                   : strcpy.c.obj (.text:strcpy)
                  00002a68    00000014                                   : strlen.c.obj (.text:strlen)
                  00002a7c    00000012                                   : copy_zero_init.c.obj (.text:decompress:ZI:__TI_zero_init_nomemset:__TI_zero_init_nomemset)
                  00002a8e    00000012                                   : wcslen.c.obj (.text:wcslen)
                  00002aa0    00000010     lcd.obj (.text:lcd_clear)
                  00002ab0    0000000e     rtsv7M4_T_le_v4SPD16_eabi.lib : copy_decompress_none.c.obj (.text:decompress:none:__TI_decompress_none)
                  00002abe    0000000c     tm4c123gh6pm_startup_ccs.obj (.text)
                  00002aca    00000002     --HOLE-- [fill = 0]
                  00002acc    00000008     rtsv7M4_T_le_v4SPD16_eabi.lib : errno.c.obj (.text:__aeabi_errno_addr)
                  00002ad4    00000004                                   : error.c.obj (.text:__abort_execution)
                  00002ad8    00000004                                   : pre_init.c.obj (.text:_system_pre_init)
                  00002adc    00000004                                   : exit.c.obj (.text:abort:abort)

.const     0    00002ae0    0000011e     
                  00002ae0    00000101     rtsv7M4_T_le_v4SPD16_eabi.lib : ctype.c.obj (.const:.string:_ctypes_)
                  00002be1    00000015     lcd.obj (.const:.string:$P$T1$4)
                  00002bf6    00000004     lcd.obj (.const:.string:lineAddress$1)
                  00002bfa    00000004     lcd.obj (.const:.string:lineAddresses$2)

.cinit     0    00002c00    00000040     
                  00002c00    00000015     (.cinit..data.load) [load image, compression = lzss]
                  00002c15    00000003     --HOLE-- [fill = 0]
                  00002c18    0000000c     (__TI_handler_table)
                  00002c24    00000004     --HOLE-- [fill = 0]
                  00002c28    00000008     (.cinit..bss.load) [load image, compression = zero_init]
                  00002c30    00000010     (__TI_cinit_table)

.init_array 
*          0    00000000    00000000     UNINITIALIZED

.stack     0    20000000    00001000     UNINITIALIZED
                  20000000    00000004     rtsv7M4_T_le_v4SPD16_eabi.lib : boot_cortex_m.c.obj (.stack)
                  20000004    00000ffc     --HOLE--

.sysmem    0    20001000    00001000     UNINITIALIZED
                  20001000    00000008     rtsv7M4_T_le_v4SPD16_eabi.lib : memory.c.obj (.sysmem)
                  20001008    00000ff8     --HOLE--

.bss       0    20002000    00000070     UNINITIALIZED
                  20002000    00000054     lcd.obj (.bss:lastbuffer$3)
                  20002054    0000001c     rtsv7M4_T_le_v4SPD16_eabi.lib : vla_alloc.c.obj (.bss:$O1$$)

.data      0    20002070    00000018     UNINITIALIZED
                  20002070    0000000c     rtsv7M4_T_le_v4SPD16_eabi.lib : memory.c.obj (.data:$O1$$)
                  2000207c    00000008                                   : _lock.c.obj (.data:$O1$$)
                  20002084    00000004                                   : errno.c.obj (.data)

MODULE SUMMARY

       Module                         code    ro data   rw data
       ------                         ----    -------   -------
    .\
       lcd.obj                        956     29        84     
       tm4c123gh6pm_startup_ccs.obj   12      620       0      
       timer.obj                      344     0         0      
       l1_main.obj                    22      0         0      
    +--+------------------------------+-------+---------+---------+
       Total:                         1334    649       84     
                                                               
    C:\ti\ccsv8\tools\compiler\ti-cgt-arm_18.1.2.LTS\lib\rtsv7M4_T_le_v4SPD16_eabi.lib
       _printfi.c.obj                 4863    0         0      
       memory.c.obj                   768     0         12     
       vla_alloc.c.obj                428     0         28     
       fd_add_t2.asm.obj              438     0         0      
       fd_div_t2.asm.obj              310     0         0      
       s_scalbn.c.obj                 272     0         0      
       fd_cmp_t2.asm.obj              268     0         0      
       ctype.c.obj                    0       257       0      
       fd_mul_t2.asm.obj              252     0         0      
       memcpy_t2.asm.obj              156     0         0      
       ull_div_t2.asm.obj             150     0         0      
       vsnprintf.c.obj                136     0         0      
       memset_t2.asm.obj              122     0         0      
       copy_decompress_lzss.c.obj     104     0         0      
       s_frexp.c.obj                  100     0         0      
       ltoa.c.obj                     84      0         0      
       atoi.c.obj                     76      0         0      
       fd_toi_t2.asm.obj              72      0         0      
       autoinit.c.obj                 68      0         0      
       boot_cortex_m.c.obj            56      0         0      
       i_tofd_t2.asm.obj              46      0         0      
       strcat.c.obj                   30      0         0      
       memccpy.c.obj                  28      0         0      
       strcmp.c.obj                   24      0         0      
       strchr.c.obj                   22      0         0      
       s_copysign.c.obj               20      0         0      
       strcpy.c.obj                   20      0         0      
       strlen.c.obj                   20      0         0      
       copy_zero_init.c.obj           18      0         0      
       wcslen.c.obj                   18      0         0      
       copy_decompress_none.c.obj     14      0         0      
       errno.c.obj                    8       0         4      
       _lock.c.obj                    2       0         8      
       error.c.obj                    4       0         0      
       exit.c.obj                     4       0         0      
       pre_init.c.obj                 4       0         0      
       div0.asm.obj                   2       0         0      
    +--+------------------------------+-------+---------+---------+
       Total:                         9007    257       52     
                                                               
       Heap:                          0       0         4096   
       Stack:                         0       0         4096   
       Linker Generated:              0       57        0      
    +--+------------------------------+-------+---------+---------+
       Grand Total:                   10341   963       8328   


LINKER GENERATED COPY TABLES

__TI_cinit_table @ 00002c30 records: 2, size/record: 8, table size: 16
	.data: load addr=00002c00, load size=00000015 bytes, run addr=20002070, run size=00000018 bytes, compression=lzss
	.bss: load addr=00002c28, load size=00000008 bytes, run addr=20002000, run size=00000070 bytes, compression=zero_init


LINKER GENERATED HANDLER TABLE

__TI_handler_table @ 00002c18 records: 3, size/record: 4, table size: 12
	index: 0, handler: __TI_decompress_lzss
	index: 1, handler: __TI_decompress_none
	index: 2, handler: __TI_zero_init


GLOBAL SYMBOLS: SORTED ALPHABETICALLY BY Name 

address   name                          
-------   ----                          
00002add  C$$EXIT                       
00002abf  ResetISR                      
20001000  __STACK_END                   
00001000  __STACK_SIZE                  
20000200  __STACK_TOP                   
00001000  __SYSMEM_SIZE                 
00002c30  __TI_CINIT_Base               
00002c40  __TI_CINIT_Limit              
00002c18  __TI_Handler_Table_Base       
00002c24  __TI_Handler_Table_Limit      
000027b1  __TI_auto_init_nobinit_nopinit
00002553  __TI_decompress_lzss          
00002ab1  __TI_decompress_none          
ffffffff  __TI_pprof_out_hndl           
0000026d  __TI_printfi                  
ffffffff  __TI_prof_data_size           
ffffffff  __TI_prof_data_start          
00000000  __TI_static_base__            
00002a7d  __TI_zero_init_nomemset       
00002ad5  __abort_execution             
0000226d  __aeabi_cdcmpeq               
0000226d  __aeabi_cdcmple               
000022f3  __aeabi_cdrcmple              
00002769  __aeabi_d2iz                  
000014c3  __aeabi_dadd                  
00001905  __aeabi_ddiv                  
00001eb5  __aeabi_dmul                  
000014b9  __aeabi_dsub                  
00002acd  __aeabi_errno_addr            
00002951  __aeabi_i2d                   
0000166f  __aeabi_idiv0                 
0000166f  __aeabi_ldiv0                 
00002379  __aeabi_memclr                
00002379  __aeabi_memclr4               
00002379  __aeabi_memclr8               
0000213b  __aeabi_memcpy                
0000213b  __aeabi_memcpy4               
0000213b  __aeabi_memcpy8               
0000237b  __aeabi_memset                
0000237b  __aeabi_memset4               
0000237b  __aeabi_memset8               
000021d7  __aeabi_uldivmod              
ffffffff  __binit__                     
ffffffff  __c_args__                    
UNDEFED   __mpu_init                    
20000000  __stack                       
00001a3d  __vla_alloc                   
000028b1  _c_int00_noargs               
00002ae0  _ctypes_                      
2000207c  _lock                         
00000ccb  _nop                          
20001000  _sys_memory                   
UNDEFED   _system_post_cinit            
00002ad9  _system_pre_init              
20002080  _unlock                       
00002add  abort                         
0000271d  atoi                          
ffffffff  binit                         
00002a41  copysign                      
00002a41  copysignl                     
20002084  errno                         
00001fb1  free                          
000025bd  frexp                         
000025bd  frexpl                        
00000000  g_pfnVectors                  
00002aa1  lcd_clear                     
00000e65  lcd_gotoLine                  
00000ccd  lcd_init                      
00000ecb  lcd_printf                    
00000d8d  lcd_putc                      
00000dc5  lcd_puts                      
00000fa9  lcd_rotatingBanner            
00000de3  lcd_sendCommand               
00000e21  lcd_sendNibble                
00000e8d  lcd_setCursorPos              
00001da5  ldexp                         
00001da5  ldexpl                        
00002677  ltoa                          
00002a15  main                          
0000246d  malloc                        
000029c7  memccpy                       
0000213b  memcpy                        
00002381  memset                        
000028e9  minit                         
00001c91  realloc                       
00001da5  scalbn                        
00001da5  scalbnl                       
000029a9  strcat                        
00002a2b  strchr                        
000029fb  strcmp                        
00002a55  strcpy                        
00002a69  strlen                        
00001781  timer_getClock                
00001735  timer_startClock              
000016cf  timer_startTimer              
00001787  timer_stopClock               
0000171f  timer_stopTimer               
000016a5  timer_waitMicros              
00001671  timer_waitMillis              
000027f5  vsnprintf                     
00002a8f  wcslen                        


GLOBAL SYMBOLS: SORTED BY Symbol Address 

address   name                          
-------   ----                          
00000000  __TI_static_base__            
00000000  g_pfnVectors                  
0000026d  __TI_printfi                  
00000ccb  _nop                          
00000ccd  lcd_init                      
00000d8d  lcd_putc                      
00000dc5  lcd_puts                      
00000de3  lcd_sendCommand               
00000e21  lcd_sendNibble                
00000e65  lcd_gotoLine                  
00000e8d  lcd_setCursorPos              
00000ecb  lcd_printf                    
00000fa9  lcd_rotatingBanner            
00001000  __STACK_SIZE                  
00001000  __SYSMEM_SIZE                 
000014b9  __aeabi_dsub                  
000014c3  __aeabi_dadd                  
0000166f  __aeabi_idiv0                 
0000166f  __aeabi_ldiv0                 
00001671  timer_waitMillis              
000016a5  timer_waitMicros              
000016cf  timer_startTimer              
0000171f  timer_stopTimer               
00001735  timer_startClock              
00001781  timer_getClock                
00001787  timer_stopClock               
00001905  __aeabi_ddiv                  
00001a3d  __vla_alloc                   
00001c91  realloc                       
00001da5  ldexp                         
00001da5  ldexpl                        
00001da5  scalbn                        
00001da5  scalbnl                       
00001eb5  __aeabi_dmul                  
00001fb1  free                          
0000213b  __aeabi_memcpy                
0000213b  __aeabi_memcpy4               
0000213b  __aeabi_memcpy8               
0000213b  memcpy                        
000021d7  __aeabi_uldivmod              
0000226d  __aeabi_cdcmpeq               
0000226d  __aeabi_cdcmple               
000022f3  __aeabi_cdrcmple              
00002379  __aeabi_memclr                
00002379  __aeabi_memclr4               
00002379  __aeabi_memclr8               
0000237b  __aeabi_memset                
0000237b  __aeabi_memset4               
0000237b  __aeabi_memset8               
00002381  memset                        
0000246d  malloc                        
00002553  __TI_decompress_lzss          
000025bd  frexp                         
000025bd  frexpl                        
00002677  ltoa                          
0000271d  atoi                          
00002769  __aeabi_d2iz                  
000027b1  __TI_auto_init_nobinit_nopinit
000027f5  vsnprintf                     
000028b1  _c_int00_noargs               
000028e9  minit                         
00002951  __aeabi_i2d                   
000029a9  strcat                        
000029c7  memccpy                       
000029fb  strcmp                        
00002a15  main                          
00002a2b  strchr                        
00002a41  copysign                      
00002a41  copysignl                     
00002a55  strcpy                        
00002a69  strlen                        
00002a7d  __TI_zero_init_nomemset       
00002a8f  wcslen                        
00002aa1  lcd_clear                     
00002ab1  __TI_decompress_none          
00002abf  ResetISR                      
00002acd  __aeabi_errno_addr            
00002ad5  __abort_execution             
00002ad9  _system_pre_init              
00002add  C$$EXIT                       
00002add  abort                         
00002ae0  _ctypes_                      
00002c18  __TI_Handler_Table_Base       
00002c24  __TI_Handler_Table_Limit      
00002c30  __TI_CINIT_Base               
00002c40  __TI_CINIT_Limit              
20000000  __stack                       
20000200  __STACK_TOP                   
20001000  __STACK_END                   
20001000  _sys_memory                   
2000207c  _lock                         
20002080  _unlock                       
20002084  errno                         
ffffffff  __TI_pprof_out_hndl           
ffffffff  __TI_prof_data_size           
ffffffff  __TI_prof_data_start          
ffffffff  __binit__                     
ffffffff  __c_args__                    
ffffffff  binit                         
UNDEFED   __mpu_init                    
UNDEFED   _system_post_cinit            

[101 symbols]
