<?xml version="1.0" encoding="ISO-8859-1" ?>
<link_info>
   <banner>TI ARM Linker PC v18.1.2.LTS</banner>
   <copyright>Copyright (c) 1996-2017 Texas Instruments Incorporated</copyright>
   <link_time>0x5c47c900</link_time>
   <link_errors>0x0</link_errors>
   <output_file>Lab1.out</output_file>
   <entry_point>
      <name>_c_int00_noargs</name>
      <address>0x28b1</address>
   </entry_point>
   <input_file_list>
      <input_file id="fl-2">
         <path>.\</path>
         <kind>object</kind>
         <file>l1_main.obj</file>
         <name>l1_main.obj</name>
      </input_file>
      <input_file id="fl-3">
         <path>.\</path>
         <kind>object</kind>
         <file>lcd.obj</file>
         <name>lcd.obj</name>
      </input_file>
      <input_file id="fl-4">
         <path>.\</path>
         <kind>object</kind>
         <file>timer.obj</file>
         <name>timer.obj</name>
      </input_file>
      <input_file id="fl-5">
         <path>.\</path>
         <kind>object</kind>
         <file>tm4c123gh6pm_startup_ccs.obj</file>
         <name>tm4c123gh6pm_startup_ccs.obj</name>
      </input_file>
      <input_file id="fl-a">
         <kind>object</kind>
         <file>&lt;internal&gt;</file>
         <name>&lt;internal&gt;</name>
      </input_file>
      <input_file id="fl-c0">
         <path>C:\ti\ccsv8\tools\compiler\ti-cgt-arm_18.1.2.LTS\lib\</path>
         <kind>archive</kind>
         <file>rtsv7M4_T_le_v4SPD16_eabi.lib</file>
         <name>vla_alloc.c.obj</name>
      </input_file>
      <input_file id="fl-c1">
         <path>C:\ti\ccsv8\tools\compiler\ti-cgt-arm_18.1.2.LTS\lib\</path>
         <kind>archive</kind>
         <file>rtsv7M4_T_le_v4SPD16_eabi.lib</file>
         <name>memcpy_t2.asm.obj</name>
      </input_file>
      <input_file id="fl-c2">
         <path>C:\ti\ccsv8\tools\compiler\ti-cgt-arm_18.1.2.LTS\lib\</path>
         <kind>archive</kind>
         <file>rtsv7M4_T_le_v4SPD16_eabi.lib</file>
         <name>copy_zero_init.c.obj</name>
      </input_file>
      <input_file id="fl-c3">
         <path>C:\ti\ccsv8\tools\compiler\ti-cgt-arm_18.1.2.LTS\lib\</path>
         <kind>archive</kind>
         <file>rtsv7M4_T_le_v4SPD16_eabi.lib</file>
         <name>copy_decompress_none.c.obj</name>
      </input_file>
      <input_file id="fl-c4">
         <path>C:\ti\ccsv8\tools\compiler\ti-cgt-arm_18.1.2.LTS\lib\</path>
         <kind>archive</kind>
         <file>rtsv7M4_T_le_v4SPD16_eabi.lib</file>
         <name>copy_decompress_lzss.c.obj</name>
      </input_file>
      <input_file id="fl-c5">
         <path>C:\ti\ccsv8\tools\compiler\ti-cgt-arm_18.1.2.LTS\lib\</path>
         <kind>archive</kind>
         <file>rtsv7M4_T_le_v4SPD16_eabi.lib</file>
         <name>boot_cortex_m.c.obj</name>
      </input_file>
      <input_file id="fl-c6">
         <path>C:\ti\ccsv8\tools\compiler\ti-cgt-arm_18.1.2.LTS\lib\</path>
         <kind>archive</kind>
         <file>rtsv7M4_T_le_v4SPD16_eabi.lib</file>
         <name>exit.c.obj</name>
      </input_file>
      <input_file id="fl-c7">
         <path>C:\ti\ccsv8\tools\compiler\ti-cgt-arm_18.1.2.LTS\lib\</path>
         <kind>archive</kind>
         <file>rtsv7M4_T_le_v4SPD16_eabi.lib</file>
         <name>memory.c.obj</name>
      </input_file>
      <input_file id="fl-c8">
         <path>C:\ti\ccsv8\tools\compiler\ti-cgt-arm_18.1.2.LTS\lib\</path>
         <kind>archive</kind>
         <file>rtsv7M4_T_le_v4SPD16_eabi.lib</file>
         <name>_lock.c.obj</name>
      </input_file>
      <input_file id="fl-c9">
         <path>C:\ti\ccsv8\tools\compiler\ti-cgt-arm_18.1.2.LTS\lib\</path>
         <kind>archive</kind>
         <file>rtsv7M4_T_le_v4SPD16_eabi.lib</file>
         <name>args_main.c.obj</name>
      </input_file>
      <input_file id="fl-ca">
         <path>C:\ti\ccsv8\tools\compiler\ti-cgt-arm_18.1.2.LTS\lib\</path>
         <kind>archive</kind>
         <file>rtsv7M4_T_le_v4SPD16_eabi.lib</file>
         <name>strcat.c.obj</name>
      </input_file>
      <input_file id="fl-cb">
         <path>C:\ti\ccsv8\tools\compiler\ti-cgt-arm_18.1.2.LTS\lib\</path>
         <kind>archive</kind>
         <file>rtsv7M4_T_le_v4SPD16_eabi.lib</file>
         <name>strcmp.c.obj</name>
      </input_file>
      <input_file id="fl-cc">
         <path>C:\ti\ccsv8\tools\compiler\ti-cgt-arm_18.1.2.LTS\lib\</path>
         <kind>archive</kind>
         <file>rtsv7M4_T_le_v4SPD16_eabi.lib</file>
         <name>strcpy.c.obj</name>
      </input_file>
      <input_file id="fl-cd">
         <path>C:\ti\ccsv8\tools\compiler\ti-cgt-arm_18.1.2.LTS\lib\</path>
         <kind>archive</kind>
         <file>rtsv7M4_T_le_v4SPD16_eabi.lib</file>
         <name>strlen.c.obj</name>
      </input_file>
      <input_file id="fl-ce">
         <path>C:\ti\ccsv8\tools\compiler\ti-cgt-arm_18.1.2.LTS\lib\</path>
         <kind>archive</kind>
         <file>rtsv7M4_T_le_v4SPD16_eabi.lib</file>
         <name>vsnprintf.c.obj</name>
      </input_file>
      <input_file id="fl-cf">
         <path>C:\ti\ccsv8\tools\compiler\ti-cgt-arm_18.1.2.LTS\lib\</path>
         <kind>archive</kind>
         <file>rtsv7M4_T_le_v4SPD16_eabi.lib</file>
         <name>error.c.obj</name>
      </input_file>
      <input_file id="fl-d0">
         <path>C:\ti\ccsv8\tools\compiler\ti-cgt-arm_18.1.2.LTS\lib\</path>
         <kind>archive</kind>
         <file>rtsv7M4_T_le_v4SPD16_eabi.lib</file>
         <name>memset_t2.asm.obj</name>
      </input_file>
      <input_file id="fl-d1">
         <path>C:\ti\ccsv8\tools\compiler\ti-cgt-arm_18.1.2.LTS\lib\</path>
         <kind>archive</kind>
         <file>rtsv7M4_T_le_v4SPD16_eabi.lib</file>
         <name>autoinit.c.obj</name>
      </input_file>
      <input_file id="fl-d2">
         <path>C:\ti\ccsv8\tools\compiler\ti-cgt-arm_18.1.2.LTS\lib\</path>
         <kind>archive</kind>
         <file>rtsv7M4_T_le_v4SPD16_eabi.lib</file>
         <name>pre_init.c.obj</name>
      </input_file>
      <input_file id="fl-d3">
         <path>C:\ti\ccsv8\tools\compiler\ti-cgt-arm_18.1.2.LTS\lib\</path>
         <kind>archive</kind>
         <file>rtsv7M4_T_le_v4SPD16_eabi.lib</file>
         <name>cpy_tbl.c.obj</name>
      </input_file>
      <input_file id="fl-d4">
         <path>C:\ti\ccsv8\tools\compiler\ti-cgt-arm_18.1.2.LTS\lib\</path>
         <kind>archive</kind>
         <file>rtsv7M4_T_le_v4SPD16_eabi.lib</file>
         <name>_printfi.c.obj</name>
      </input_file>
      <input_file id="fl-d5">
         <path>C:\ti\ccsv8\tools\compiler\ti-cgt-arm_18.1.2.LTS\lib\</path>
         <kind>archive</kind>
         <file>rtsv7M4_T_le_v4SPD16_eabi.lib</file>
         <name>atoi.c.obj</name>
      </input_file>
      <input_file id="fl-d6">
         <path>C:\ti\ccsv8\tools\compiler\ti-cgt-arm_18.1.2.LTS\lib\</path>
         <kind>archive</kind>
         <file>rtsv7M4_T_le_v4SPD16_eabi.lib</file>
         <name>ctype.c.obj</name>
      </input_file>
      <input_file id="fl-d7">
         <path>C:\ti\ccsv8\tools\compiler\ti-cgt-arm_18.1.2.LTS\lib\</path>
         <kind>archive</kind>
         <file>rtsv7M4_T_le_v4SPD16_eabi.lib</file>
         <name>ltoa.c.obj</name>
      </input_file>
      <input_file id="fl-d8">
         <path>C:\ti\ccsv8\tools\compiler\ti-cgt-arm_18.1.2.LTS\lib\</path>
         <kind>archive</kind>
         <file>rtsv7M4_T_le_v4SPD16_eabi.lib</file>
         <name>memccpy.c.obj</name>
      </input_file>
      <input_file id="fl-d9">
         <path>C:\ti\ccsv8\tools\compiler\ti-cgt-arm_18.1.2.LTS\lib\</path>
         <kind>archive</kind>
         <file>rtsv7M4_T_le_v4SPD16_eabi.lib</file>
         <name>strchr.c.obj</name>
      </input_file>
      <input_file id="fl-da">
         <path>C:\ti\ccsv8\tools\compiler\ti-cgt-arm_18.1.2.LTS\lib\</path>
         <kind>archive</kind>
         <file>rtsv7M4_T_le_v4SPD16_eabi.lib</file>
         <name>s_frexp.c.obj</name>
      </input_file>
      <input_file id="fl-db">
         <path>C:\ti\ccsv8\tools\compiler\ti-cgt-arm_18.1.2.LTS\lib\</path>
         <kind>archive</kind>
         <file>rtsv7M4_T_le_v4SPD16_eabi.lib</file>
         <name>s_scalbn.c.obj</name>
      </input_file>
      <input_file id="fl-dc">
         <path>C:\ti\ccsv8\tools\compiler\ti-cgt-arm_18.1.2.LTS\lib\</path>
         <kind>archive</kind>
         <file>rtsv7M4_T_le_v4SPD16_eabi.lib</file>
         <name>s_copysign.c.obj</name>
      </input_file>
      <input_file id="fl-dd">
         <path>C:\ti\ccsv8\tools\compiler\ti-cgt-arm_18.1.2.LTS\lib\</path>
         <kind>archive</kind>
         <file>rtsv7M4_T_le_v4SPD16_eabi.lib</file>
         <name>wcslen.c.obj</name>
      </input_file>
      <input_file id="fl-de">
         <path>C:\ti\ccsv8\tools\compiler\ti-cgt-arm_18.1.2.LTS\lib\</path>
         <kind>archive</kind>
         <file>rtsv7M4_T_le_v4SPD16_eabi.lib</file>
         <name>fd_add_t2.asm.obj</name>
      </input_file>
      <input_file id="fl-df">
         <path>C:\ti\ccsv8\tools\compiler\ti-cgt-arm_18.1.2.LTS\lib\</path>
         <kind>archive</kind>
         <file>rtsv7M4_T_le_v4SPD16_eabi.lib</file>
         <name>fd_cmp_t2.asm.obj</name>
      </input_file>
      <input_file id="fl-e0">
         <path>C:\ti\ccsv8\tools\compiler\ti-cgt-arm_18.1.2.LTS\lib\</path>
         <kind>archive</kind>
         <file>rtsv7M4_T_le_v4SPD16_eabi.lib</file>
         <name>fd_div_t2.asm.obj</name>
      </input_file>
      <input_file id="fl-e1">
         <path>C:\ti\ccsv8\tools\compiler\ti-cgt-arm_18.1.2.LTS\lib\</path>
         <kind>archive</kind>
         <file>rtsv7M4_T_le_v4SPD16_eabi.lib</file>
         <name>fd_mul_t2.asm.obj</name>
      </input_file>
      <input_file id="fl-e2">
         <path>C:\ti\ccsv8\tools\compiler\ti-cgt-arm_18.1.2.LTS\lib\</path>
         <kind>archive</kind>
         <file>rtsv7M4_T_le_v4SPD16_eabi.lib</file>
         <name>fd_toi_t2.asm.obj</name>
      </input_file>
      <input_file id="fl-e3">
         <path>C:\ti\ccsv8\tools\compiler\ti-cgt-arm_18.1.2.LTS\lib\</path>
         <kind>archive</kind>
         <file>rtsv7M4_T_le_v4SPD16_eabi.lib</file>
         <name>i_tofd_t2.asm.obj</name>
      </input_file>
      <input_file id="fl-e4">
         <path>C:\ti\ccsv8\tools\compiler\ti-cgt-arm_18.1.2.LTS\lib\</path>
         <kind>archive</kind>
         <file>rtsv7M4_T_le_v4SPD16_eabi.lib</file>
         <name>ull_div_t2.asm.obj</name>
      </input_file>
      <input_file id="fl-e5">
         <path>C:\ti\ccsv8\tools\compiler\ti-cgt-arm_18.1.2.LTS\lib\</path>
         <kind>archive</kind>
         <file>rtsv7M4_T_le_v4SPD16_eabi.lib</file>
         <name>errno.c.obj</name>
      </input_file>
      <input_file id="fl-e6">
         <path>C:\ti\ccsv8\tools\compiler\ti-cgt-arm_18.1.2.LTS\lib\</path>
         <kind>archive</kind>
         <file>rtsv7M4_T_le_v4SPD16_eabi.lib</file>
         <name>div0.asm.obj</name>
      </input_file>
   </input_file_list>
   <object_component_list>
      <object_component id="oc-f">
         <name>.intvecs</name>
         <load_address>0x0</load_address>
         <run_address>0x0</run_address>
         <size>0x26c</size>
         <input_file_ref idref="fl-5"/>
      </object_component>
      <object_component id="oc-17e">
         <name>.text:__TI_printfi</name>
         <load_address>0x26c</load_address>
         <run_address>0x26c</run_address>
         <size>0xa5e</size>
         <input_file_ref idref="fl-d4"/>
      </object_component>
      <object_component id="oc-1d7">
         <name>.text:_nop</name>
         <load_address>0xcca</load_address>
         <run_address>0xcca</run_address>
         <size>0x2</size>
         <input_file_ref idref="fl-c8"/>
      </object_component>
      <object_component id="oc-d3">
         <name>.text</name>
         <load_address>0xccc</load_address>
         <run_address>0xccc</run_address>
         <size>0x3ac</size>
         <input_file_ref idref="fl-3"/>
      </object_component>
      <object_component id="oc-219">
         <name>.text:_pconv_a</name>
         <load_address>0x1078</load_address>
         <run_address>0x1078</run_address>
         <size>0x270</size>
         <input_file_ref idref="fl-d4"/>
      </object_component>
      <object_component id="oc-207">
         <name>.text:_pconv_g</name>
         <load_address>0x12e8</load_address>
         <run_address>0x12e8</run_address>
         <size>0x1d0</size>
         <input_file_ref idref="fl-d4"/>
      </object_component>
      <object_component id="oc-2b5">
         <name>.text</name>
         <load_address>0x14b8</load_address>
         <run_address>0x14b8</run_address>
         <size>0x1b6</size>
         <input_file_ref idref="fl-de"/>
      </object_component>
      <object_component id="oc-30d">
         <name>.text</name>
         <load_address>0x166e</load_address>
         <run_address>0x166e</run_address>
         <size>0x2</size>
         <input_file_ref idref="fl-e6"/>
      </object_component>
      <object_component id="oc-11a">
         <name>.text</name>
         <load_address>0x1670</load_address>
         <run_address>0x1670</run_address>
         <size>0x158</size>
         <input_file_ref idref="fl-4"/>
      </object_component>
      <object_component id="oc-213">
         <name>.text:_pconv_e</name>
         <load_address>0x17c8</load_address>
         <run_address>0x17c8</run_address>
         <size>0x13c</size>
         <input_file_ref idref="fl-d4"/>
      </object_component>
      <object_component id="oc-29b">
         <name>.text</name>
         <load_address>0x1904</load_address>
         <run_address>0x1904</run_address>
         <size>0x136</size>
         <input_file_ref idref="fl-e0"/>
      </object_component>
      <object_component id="oc-13f">
         <name>.text:__vla_alloc</name>
         <load_address>0x1a3c</load_address>
         <run_address>0x1a3c</run_address>
         <size>0x134</size>
         <input_file_ref idref="fl-c0"/>
      </object_component>
      <object_component id="oc-2c7">
         <name>.text:fcvt</name>
         <load_address>0x1b70</load_address>
         <run_address>0x1b70</run_address>
         <size>0x120</size>
         <input_file_ref idref="fl-d4"/>
      </object_component>
      <object_component id="oc-1b4">
         <name>.text:realloc</name>
         <load_address>0x1c90</load_address>
         <run_address>0x1c90</run_address>
         <size>0x114</size>
         <input_file_ref idref="fl-c7"/>
      </object_component>
      <object_component id="oc-2db">
         <name>.text:scalbn</name>
         <load_address>0x1da4</load_address>
         <run_address>0x1da4</run_address>
         <size>0x110</size>
         <input_file_ref idref="fl-db"/>
      </object_component>
      <object_component id="oc-296">
         <name>.text</name>
         <load_address>0x1eb4</load_address>
         <run_address>0x1eb4</run_address>
         <size>0xfc</size>
         <input_file_ref idref="fl-e1"/>
      </object_component>
      <object_component id="oc-263">
         <name>.text:free</name>
         <load_address>0x1fb0</load_address>
         <run_address>0x1fb0</run_address>
         <size>0xd8</size>
         <input_file_ref idref="fl-c7"/>
      </object_component>
      <object_component id="oc-1fc">
         <name>.text:_ltostr</name>
         <load_address>0x2088</load_address>
         <run_address>0x2088</run_address>
         <size>0xb1</size>
         <input_file_ref idref="fl-d4"/>
      </object_component>
      <object_component id="oc-3b">
         <name>.text</name>
         <load_address>0x213a</load_address>
         <run_address>0x213a</run_address>
         <size>0x9c</size>
         <input_file_ref idref="fl-c1"/>
      </object_component>
      <object_component id="oc-28f">
         <name>.text</name>
         <load_address>0x21d6</load_address>
         <run_address>0x21d6</run_address>
         <size>0x96</size>
         <input_file_ref idref="fl-e4"/>
      </object_component>
      <object_component id="oc-202">
         <name>.text:__aeabi_cdcmple</name>
         <load_address>0x226c</load_address>
         <run_address>0x226c</run_address>
         <size>0x86</size>
         <input_file_ref idref="fl-df"/>
      </object_component>
      <object_component id="oc-2a0">
         <name>.text:__aeabi_cdrcmple</name>
         <load_address>0x22f2</load_address>
         <run_address>0x22f2</run_address>
         <size>0x86</size>
         <input_file_ref idref="fl-df"/>
      </object_component>
      <object_component id="oc-93">
         <name>.text</name>
         <load_address>0x2378</load_address>
         <run_address>0x2378</run_address>
         <size>0x7a</size>
         <input_file_ref idref="fl-d0"/>
      </object_component>
      <object_component id="oc-1ae">
         <name>.text:_ZN33_INTERNAL_11_vla_alloc_c_be8bd49b21free_dead_allocationsEPv</name>
         <load_address>0x23f4</load_address>
         <run_address>0x23f4</run_address>
         <size>0x78</size>
         <input_file_ref idref="fl-c0"/>
      </object_component>
      <object_component id="oc-1a8">
         <name>.text:malloc</name>
         <load_address>0x246c</load_address>
         <run_address>0x246c</run_address>
         <size>0x78</size>
         <input_file_ref idref="fl-c7"/>
      </object_component>
      <object_component id="oc-2c0">
         <name>.text:_mcpy</name>
         <load_address>0x24e4</load_address>
         <run_address>0x24e4</run_address>
         <size>0x6e</size>
         <input_file_ref idref="fl-d4"/>
      </object_component>
      <object_component id="oc-12">
         <name>.text:decompress:lzss:__TI_decompress_lzss</name>
         <load_address>0x2552</load_address>
         <run_address>0x2552</run_address>
         <size>0x68</size>
         <input_file_ref idref="fl-c4"/>
      </object_component>
      <object_component id="oc-2d5">
         <name>.text:frexp</name>
         <load_address>0x25bc</load_address>
         <run_address>0x25bc</run_address>
         <size>0x64</size>
         <input_file_ref idref="fl-da"/>
      </object_component>
      <object_component id="oc-20d">
         <name>.text:_pconv_f</name>
         <load_address>0x2620</load_address>
         <run_address>0x2620</run_address>
         <size>0x56</size>
         <input_file_ref idref="fl-d4"/>
      </object_component>
      <object_component id="oc-2aa">
         <name>.text:ltoa</name>
         <load_address>0x2676</load_address>
         <run_address>0x2676</run_address>
         <size>0x54</size>
         <input_file_ref idref="fl-d7"/>
      </object_component>
      <object_component id="oc-2ba">
         <name>.text:_ecpy</name>
         <load_address>0x26ca</load_address>
         <run_address>0x26ca</run_address>
         <size>0x52</size>
         <input_file_ref idref="fl-d4"/>
      </object_component>
      <object_component id="oc-1f6">
         <name>.text:atoi</name>
         <load_address>0x271c</load_address>
         <run_address>0x271c</run_address>
         <size>0x4c</size>
         <input_file_ref idref="fl-d5"/>
      </object_component>
      <object_component id="oc-2a5">
         <name>.text</name>
         <load_address>0x2768</load_address>
         <run_address>0x2768</run_address>
         <size>0x48</size>
         <input_file_ref idref="fl-e2"/>
      </object_component>
      <object_component id="oc-e6">
         <name>.text:__TI_auto_init_nobinit_nopinit:__TI_auto_init_nobinit_nopinit</name>
         <load_address>0x27b0</load_address>
         <run_address>0x27b0</run_address>
         <size>0x44</size>
         <input_file_ref idref="fl-d1"/>
      </object_component>
      <object_component id="oc-127">
         <name>.text:vsnprintf</name>
         <load_address>0x27f4</load_address>
         <run_address>0x27f4</run_address>
         <size>0x40</size>
         <input_file_ref idref="fl-ce"/>
      </object_component>
      <object_component id="oc-2cd">
         <name>.text:_fcpy</name>
         <load_address>0x2834</load_address>
         <run_address>0x2834</run_address>
         <size>0x3e</size>
         <input_file_ref idref="fl-d4"/>
      </object_component>
      <object_component id="oc-259">
         <name>.text:minsert</name>
         <load_address>0x2874</load_address>
         <run_address>0x2874</run_address>
         <size>0x3c</size>
         <input_file_ref idref="fl-c7"/>
      </object_component>
      <object_component id="oc-59">
         <name>.text:_c_int00_noargs:_c_int00_noargs</name>
         <load_address>0x28b0</load_address>
         <run_address>0x28b0</run_address>
         <size>0x38</size>
         <input_file_ref idref="fl-c5"/>
      </object_component>
      <object_component id="oc-24d">
         <name>.text:minit</name>
         <load_address>0x28e8</load_address>
         <run_address>0x28e8</run_address>
         <size>0x38</size>
         <input_file_ref idref="fl-c7"/>
      </object_component>
      <object_component id="oc-184">
         <name>.text:_outs</name>
         <load_address>0x2920</load_address>
         <run_address>0x2920</run_address>
         <size>0x30</size>
         <input_file_ref idref="fl-ce"/>
      </object_component>
      <object_component id="oc-2b0">
         <name>.text</name>
         <load_address>0x2950</load_address>
         <run_address>0x2950</run_address>
         <size>0x2e</size>
         <input_file_ref idref="fl-e3"/>
      </object_component>
      <object_component id="oc-253">
         <name>.text:mremove</name>
         <load_address>0x2980</load_address>
         <run_address>0x2980</run_address>
         <size>0x28</size>
         <input_file_ref idref="fl-c7"/>
      </object_component>
      <object_component id="oc-145">
         <name>.text:strcat</name>
         <load_address>0x29a8</load_address>
         <run_address>0x29a8</run_address>
         <size>0x1e</size>
         <input_file_ref idref="fl-ca"/>
      </object_component>
      <object_component id="oc-21f">
         <name>.text:memccpy</name>
         <load_address>0x29c6</load_address>
         <run_address>0x29c6</run_address>
         <size>0x1c</size>
         <input_file_ref idref="fl-d8"/>
      </object_component>
      <object_component id="oc-18a">
         <name>.text:_outc</name>
         <load_address>0x29e2</load_address>
         <run_address>0x29e2</run_address>
         <size>0x18</size>
         <input_file_ref idref="fl-ce"/>
      </object_component>
      <object_component id="oc-12d">
         <name>.text:strcmp</name>
         <load_address>0x29fa</load_address>
         <run_address>0x29fa</run_address>
         <size>0x18</size>
         <input_file_ref idref="fl-cb"/>
      </object_component>
      <object_component id="oc-9f">
         <name>.text</name>
         <load_address>0x2a14</load_address>
         <run_address>0x2a14</run_address>
         <size>0x16</size>
         <input_file_ref idref="fl-2"/>
      </object_component>
      <object_component id="oc-2e1">
         <name>.text:strchr</name>
         <load_address>0x2a2a</load_address>
         <run_address>0x2a2a</run_address>
         <size>0x16</size>
         <input_file_ref idref="fl-d9"/>
      </object_component>
      <object_component id="oc-326">
         <name>.text:copysign</name>
         <load_address>0x2a40</load_address>
         <run_address>0x2a40</run_address>
         <size>0x14</size>
         <input_file_ref idref="fl-dc"/>
      </object_component>
      <object_component id="oc-133">
         <name>.text:strcpy</name>
         <load_address>0x2a54</load_address>
         <run_address>0x2a54</run_address>
         <size>0x14</size>
         <input_file_ref idref="fl-cc"/>
      </object_component>
      <object_component id="oc-139">
         <name>.text:strlen</name>
         <load_address>0x2a68</load_address>
         <run_address>0x2a68</run_address>
         <size>0x14</size>
         <input_file_ref idref="fl-cd"/>
      </object_component>
      <object_component id="oc-47">
         <name>.text:decompress:ZI:__TI_zero_init_nomemset:__TI_zero_init_nomemset</name>
         <load_address>0x2a7c</load_address>
         <run_address>0x2a7c</run_address>
         <size>0x12</size>
         <input_file_ref idref="fl-c2"/>
      </object_component>
      <object_component id="oc-225">
         <name>.text:wcslen</name>
         <load_address>0x2a8e</load_address>
         <run_address>0x2a8e</run_address>
         <size>0x12</size>
         <input_file_ref idref="fl-dd"/>
      </object_component>
      <object_component id="oc-120">
         <name>.text:lcd_clear</name>
         <load_address>0x2aa0</load_address>
         <run_address>0x2aa0</run_address>
         <size>0x10</size>
         <input_file_ref idref="fl-3"/>
      </object_component>
      <object_component id="oc-18">
         <name>.text:decompress:none:__TI_decompress_none</name>
         <load_address>0x2ab0</load_address>
         <run_address>0x2ab0</run_address>
         <size>0xe</size>
         <input_file_ref idref="fl-c3"/>
      </object_component>
      <object_component id="oc-27">
         <name>.text</name>
         <load_address>0x2abe</load_address>
         <run_address>0x2abe</run_address>
         <size>0xc</size>
         <input_file_ref idref="fl-5"/>
      </object_component>
      <object_component id="oc-22b">
         <name>.text:__aeabi_errno_addr</name>
         <load_address>0x2acc</load_address>
         <run_address>0x2acc</run_address>
         <size>0x8</size>
         <input_file_ref idref="fl-e5"/>
      </object_component>
      <object_component id="oc-1a2">
         <name>.text:__abort_execution</name>
         <load_address>0x2ad4</load_address>
         <run_address>0x2ad4</run_address>
         <size>0x4</size>
         <input_file_ref idref="fl-cf"/>
      </object_component>
      <object_component id="oc-99">
         <name>.text:_system_pre_init</name>
         <load_address>0x2ad8</load_address>
         <run_address>0x2ad8</run_address>
         <size>0x4</size>
         <input_file_ref idref="fl-d2"/>
      </object_component>
      <object_component id="oc-da">
         <name>.text:abort:abort</name>
         <load_address>0x2adc</load_address>
         <run_address>0x2adc</run_address>
         <size>0x4</size>
         <input_file_ref idref="fl-c6"/>
      </object_component>
      <object_component id="oc-28a">
         <name>.const:.string:_ctypes_</name>
         <load_address>0x2ae0</load_address>
         <run_address>0x2ae0</run_address>
         <size>0x101</size>
         <input_file_ref idref="fl-d6"/>
      </object_component>
      <object_component id="oc-14e">
         <name>.const:.string:$P$T1$4</name>
         <load_address>0x2be1</load_address>
         <run_address>0x2be1</run_address>
         <size>0x15</size>
         <input_file_ref idref="fl-3"/>
      </object_component>
      <object_component id="oc-14b">
         <name>.const:.string:lineAddress$1</name>
         <load_address>0x2bf6</load_address>
         <run_address>0x2bf6</run_address>
         <size>0x4</size>
         <input_file_ref idref="fl-3"/>
      </object_component>
      <object_component id="oc-14c">
         <name>.const:.string:lineAddresses$2</name>
         <load_address>0x2bfa</load_address>
         <run_address>0x2bfa</run_address>
         <size>0x4</size>
         <input_file_ref idref="fl-3"/>
      </object_component>
      <object_component id="oc-37c">
         <name>.cinit..data.load</name>
         <load_address>0x2c00</load_address>
         <run_address>0x2c00</run_address>
         <size>0x15</size>
      </object_component>
      <object_component id="oc-37a">
         <name>__TI_handler_table</name>
         <load_address>0x2c18</load_address>
         <run_address>0x2c18</run_address>
         <size>0xc</size>
      </object_component>
      <object_component id="oc-37d">
         <name>.cinit..bss.load</name>
         <load_address>0x2c28</load_address>
         <run_address>0x2c28</run_address>
         <size>0x8</size>
      </object_component>
      <object_component id="oc-37b">
         <name>__TI_cinit_table</name>
         <load_address>0x2c30</load_address>
         <run_address>0x2c30</run_address>
         <size>0x10</size>
      </object_component>
      <object_component id="oc-25f">
         <name>.data:$O1$$</name>
         <load_address>0x20002070</load_address>
         <run_address>0x20002070</run_address>
         <size>0xc</size>
         <input_file_ref idref="fl-c7"/>
      </object_component>
      <object_component id="oc-15c">
         <name>.data:$O1$$</name>
         <load_address>0x2000207c</load_address>
         <run_address>0x2000207c</run_address>
         <size>0x8</size>
         <input_file_ref idref="fl-c8"/>
      </object_component>
      <object_component id="oc-2f1">
         <name>.data</name>
         <load_address>0x20002084</load_address>
         <run_address>0x20002084</run_address>
         <size>0x4</size>
         <input_file_ref idref="fl-e5"/>
      </object_component>
      <object_component id="oc-14d">
         <name>.bss:lastbuffer$3</name>
         <uninitialized>true</uninitialized>
         <run_address>0x20002000</run_address>
         <size>0x54</size>
         <input_file_ref idref="fl-3"/>
      </object_component>
      <object_component id="oc-1ba">
         <name>.bss:$O1$$</name>
         <uninitialized>true</uninitialized>
         <run_address>0x20002054</run_address>
         <size>0x1c</size>
         <input_file_ref idref="fl-c0"/>
      </object_component>
      <object_component id="oc-24">
         <name>.sysmem</name>
         <uninitialized>true</uninitialized>
         <run_address>0x20001000</run_address>
         <size>0x8</size>
         <input_file_ref idref="fl-c7"/>
      </object_component>
      <object_component id="oc-37f">
         <name>.sysmem</name>
         <uninitialized>true</uninitialized>
         <run_address>0x20001000</run_address>
         <size>0x0</size>
      </object_component>
      <object_component id="oc-21">
         <name>.stack</name>
         <uninitialized>true</uninitialized>
         <run_address>0x20000000</run_address>
         <size>0x4</size>
         <input_file_ref idref="fl-c5"/>
      </object_component>
      <object_component id="oc-37e">
         <name>.stack</name>
         <uninitialized>true</uninitialized>
         <run_address>0x20000000</run_address>
         <size>0x0</size>
      </object_component>
      <object_component id="oc-c2">
         <name>.debug_info</name>
         <load_address>0x0</load_address>
         <run_address>0x0</run_address>
         <size>0x2a3</size>
         <input_file_ref idref="fl-2"/>
      </object_component>
      <object_component id="oc-a0">
         <name>.debug_info</name>
         <load_address>0x2a3</load_address>
         <run_address>0x2a3</run_address>
         <size>0x112</size>
         <input_file_ref idref="fl-2"/>
      </object_component>
      <object_component id="oc-74">
         <name>.debug_info</name>
         <load_address>0x3b5</load_address>
         <run_address>0x3b5</run_address>
         <size>0x26b</size>
         <input_file_ref idref="fl-2"/>
      </object_component>
      <object_component id="oc-36">
         <name>.debug_info</name>
         <load_address>0x620</load_address>
         <run_address>0x620</run_address>
         <size>0x84</size>
         <input_file_ref idref="fl-2"/>
      </object_component>
      <object_component id="oc-bd">
         <name>.debug_info</name>
         <load_address>0x6a4</load_address>
         <run_address>0x6a4</run_address>
         <size>0x297</size>
         <input_file_ref idref="fl-2"/>
      </object_component>
      <object_component id="oc-79">
         <name>.debug_info</name>
         <load_address>0x93b</load_address>
         <run_address>0x93b</run_address>
         <size>0xbb</size>
         <input_file_ref idref="fl-2"/>
      </object_component>
      <object_component id="oc-1d0">
         <name>.debug_info</name>
         <load_address>0x9f6</load_address>
         <run_address>0x9f6</run_address>
         <size>0xcc</size>
         <input_file_ref idref="fl-2"/>
      </object_component>
      <object_component id="oc-153">
         <name>.debug_info</name>
         <load_address>0xac2</load_address>
         <run_address>0xac2</run_address>
         <size>0x2c</size>
         <input_file_ref idref="fl-2"/>
      </object_component>
      <object_component id="oc-152">
         <name>.debug_info</name>
         <load_address>0xaee</load_address>
         <run_address>0xaee</run_address>
         <size>0x413</size>
         <input_file_ref idref="fl-3"/>
      </object_component>
      <object_component id="oc-14f">
         <name>.debug_info</name>
         <load_address>0xf01</load_address>
         <run_address>0xf01</run_address>
         <size>0xb8</size>
         <input_file_ref idref="fl-3"/>
      </object_component>
      <object_component id="oc-122">
         <name>.debug_info</name>
         <load_address>0xfb9</load_address>
         <run_address>0xfb9</run_address>
         <size>0x111</size>
         <input_file_ref idref="fl-3"/>
      </object_component>
      <object_component id="oc-d5">
         <name>.debug_info</name>
         <load_address>0x10ca</load_address>
         <run_address>0x10ca</run_address>
         <size>0xa33</size>
         <input_file_ref idref="fl-3"/>
      </object_component>
      <object_component id="oc-11d">
         <name>.debug_info</name>
         <load_address>0x1afd</load_address>
         <run_address>0x1afd</run_address>
         <size>0x3e1</size>
         <input_file_ref idref="fl-4"/>
      </object_component>
      <object_component id="oc-179">
         <name>.debug_info</name>
         <load_address>0x1ede</load_address>
         <run_address>0x1ede</run_address>
         <size>0x2c</size>
         <input_file_ref idref="fl-4"/>
      </object_component>
      <object_component id="oc-2f">
         <name>.debug_info</name>
         <load_address>0x1f0a</load_address>
         <run_address>0x1f0a</run_address>
         <size>0x298</size>
         <input_file_ref idref="fl-5"/>
      </object_component>
      <object_component id="oc-10">
         <name>.debug_info</name>
         <load_address>0x21a2</load_address>
         <run_address>0x21a2</run_address>
         <size>0xd7</size>
         <input_file_ref idref="fl-5"/>
      </object_component>
      <object_component id="oc-28">
         <name>.debug_info</name>
         <load_address>0x2279</load_address>
         <run_address>0x2279</run_address>
         <size>0x253</size>
         <input_file_ref idref="fl-5"/>
      </object_component>
      <object_component id="oc-1be">
         <name>.debug_info</name>
         <load_address>0x24cc</load_address>
         <run_address>0x24cc</run_address>
         <size>0x4c4</size>
         <input_file_ref idref="fl-c0"/>
      </object_component>
      <object_component id="oc-1bb">
         <name>.debug_info</name>
         <load_address>0x2990</load_address>
         <run_address>0x2990</run_address>
         <size>0x107</size>
         <input_file_ref idref="fl-c0"/>
      </object_component>
      <object_component id="oc-1af">
         <name>.debug_info</name>
         <load_address>0x2a97</load_address>
         <run_address>0x2a97</run_address>
         <size>0x1fd</size>
         <input_file_ref idref="fl-c0"/>
      </object_component>
      <object_component id="oc-140">
         <name>.debug_info</name>
         <load_address>0x2c94</load_address>
         <run_address>0x2c94</run_address>
         <size>0x2ca</size>
         <input_file_ref idref="fl-c0"/>
      </object_component>
      <object_component id="oc-274">
         <name>.debug_info</name>
         <load_address>0x2f5e</load_address>
         <run_address>0x2f5e</run_address>
         <size>0x2c</size>
         <input_file_ref idref="fl-c0"/>
      </object_component>
      <object_component id="oc-1c0">
         <name>.debug_info</name>
         <load_address>0x2f8a</load_address>
         <run_address>0x2f8a</run_address>
         <size>0x2c</size>
         <input_file_ref idref="fl-c0"/>
      </object_component>
      <object_component id="oc-26f">
         <name>.debug_info</name>
         <load_address>0x2fb6</load_address>
         <run_address>0x2fb6</run_address>
         <size>0x2c</size>
         <input_file_ref idref="fl-c0"/>
      </object_component>
      <object_component id="oc-1c5">
         <name>.debug_info</name>
         <load_address>0x2fe2</load_address>
         <run_address>0x2fe2</run_address>
         <size>0x17a</size>
         <input_file_ref idref="fl-c0"/>
      </object_component>
      <object_component id="oc-248">
         <name>.debug_info</name>
         <load_address>0x315c</load_address>
         <run_address>0x315c</run_address>
         <size>0xca</size>
         <input_file_ref idref="fl-c0"/>
      </object_component>
      <object_component id="oc-3c">
         <name>.debug_info</name>
         <load_address>0x3226</load_address>
         <run_address>0x3226</run_address>
         <size>0x111</size>
         <input_file_ref idref="fl-c1"/>
      </object_component>
      <object_component id="oc-92">
         <name>.debug_info</name>
         <load_address>0x3337</load_address>
         <run_address>0x3337</run_address>
         <size>0x313</size>
         <input_file_ref idref="fl-c2"/>
      </object_component>
      <object_component id="oc-4a">
         <name>.debug_info</name>
         <load_address>0x364a</load_address>
         <run_address>0x364a</run_address>
         <size>0x1b4</size>
         <input_file_ref idref="fl-c2"/>
      </object_component>
      <object_component id="oc-8d">
         <name>.debug_info</name>
         <load_address>0x37fe</load_address>
         <run_address>0x37fe</run_address>
         <size>0x46</size>
         <input_file_ref idref="fl-c2"/>
      </object_component>
      <object_component id="oc-ca">
         <name>.debug_info</name>
         <load_address>0x3844</load_address>
         <run_address>0x3844</run_address>
         <size>0x2c</size>
         <input_file_ref idref="fl-c2"/>
      </object_component>
      <object_component id="oc-46">
         <name>.debug_info</name>
         <load_address>0x3870</load_address>
         <run_address>0x3870</run_address>
         <size>0x29d</size>
         <input_file_ref idref="fl-c3"/>
      </object_component>
      <object_component id="oc-1b">
         <name>.debug_info</name>
         <load_address>0x3b0d</load_address>
         <run_address>0x3b0d</run_address>
         <size>0x1df</size>
         <input_file_ref idref="fl-c3"/>
      </object_component>
      <object_component id="oc-41">
         <name>.debug_info</name>
         <load_address>0x3cec</load_address>
         <run_address>0x3cec</run_address>
         <size>0x46</size>
         <input_file_ref idref="fl-c3"/>
      </object_component>
      <object_component id="oc-85">
         <name>.debug_info</name>
         <load_address>0x3d32</load_address>
         <run_address>0x3d32</run_address>
         <size>0x2c</size>
         <input_file_ref idref="fl-c3"/>
      </object_component>
      <object_component id="oc-83">
         <name>.debug_info</name>
         <load_address>0x3d5e</load_address>
         <run_address>0x3d5e</run_address>
         <size>0x293</size>
         <input_file_ref idref="fl-c4"/>
      </object_component>
      <object_component id="oc-15">
         <name>.debug_info</name>
         <load_address>0x3ff1</load_address>
         <run_address>0x3ff1</run_address>
         <size>0x245</size>
         <input_file_ref idref="fl-c4"/>
      </object_component>
      <object_component id="oc-31">
         <name>.debug_info</name>
         <load_address>0x4236</load_address>
         <run_address>0x4236</run_address>
         <size>0x60</size>
         <input_file_ref idref="fl-c4"/>
      </object_component>
      <object_component id="oc-c3">
         <name>.debug_info</name>
         <load_address>0x4296</load_address>
         <run_address>0x4296</run_address>
         <size>0x46</size>
         <input_file_ref idref="fl-c4"/>
      </object_component>
      <object_component id="oc-7e">
         <name>.debug_info</name>
         <load_address>0x42dc</load_address>
         <run_address>0x42dc</run_address>
         <size>0x39</size>
         <input_file_ref idref="fl-c4"/>
      </object_component>
      <object_component id="oc-22">
         <name>.debug_info</name>
         <load_address>0x4315</load_address>
         <run_address>0x4315</run_address>
         <size>0x100</size>
         <input_file_ref idref="fl-c5"/>
      </object_component>
      <object_component id="oc-5c">
         <name>.debug_info</name>
         <load_address>0x4415</load_address>
         <run_address>0x4415</run_address>
         <size>0x1a4</size>
         <input_file_ref idref="fl-c5"/>
      </object_component>
      <object_component id="oc-de">
         <name>.debug_info</name>
         <load_address>0x45b9</load_address>
         <run_address>0x45b9</run_address>
         <size>0x117</size>
         <input_file_ref idref="fl-c6"/>
      </object_component>
      <object_component id="oc-6f">
         <name>.debug_info</name>
         <load_address>0x46d0</load_address>
         <run_address>0x46d0</run_address>
         <size>0x3bb</size>
         <input_file_ref idref="fl-c7"/>
      </object_component>
      <object_component id="oc-25">
         <name>.debug_info</name>
         <load_address>0x4a8b</load_address>
         <run_address>0x4a8b</run_address>
         <size>0x101</size>
         <input_file_ref idref="fl-c7"/>
      </object_component>
      <object_component id="oc-260">
         <name>.debug_info</name>
         <load_address>0x4b8c</load_address>
         <run_address>0x4b8c</run_address>
         <size>0x14c</size>
         <input_file_ref idref="fl-c7"/>
      </object_component>
      <object_component id="oc-24f">
         <name>.debug_info</name>
         <load_address>0x4cd8</load_address>
         <run_address>0x4cd8</run_address>
         <size>0x139</size>
         <input_file_ref idref="fl-c7"/>
      </object_component>
      <object_component id="oc-256">
         <name>.debug_info</name>
         <load_address>0x4e11</load_address>
         <run_address>0x4e11</run_address>
         <size>0x174</size>
         <input_file_ref idref="fl-c7"/>
      </object_component>
      <object_component id="oc-25b">
         <name>.debug_info</name>
         <load_address>0x4f85</load_address>
         <run_address>0x4f85</run_address>
         <size>0x172</size>
         <input_file_ref idref="fl-c7"/>
      </object_component>
      <object_component id="oc-1aa">
         <name>.debug_info</name>
         <load_address>0x50f7</load_address>
         <run_address>0x50f7</run_address>
         <size>0x1db</size>
         <input_file_ref idref="fl-c7"/>
      </object_component>
      <object_component id="oc-265">
         <name>.debug_info</name>
         <load_address>0x52d2</load_address>
         <run_address>0x52d2</run_address>
         <size>0x1e6</size>
         <input_file_ref idref="fl-c7"/>
      </object_component>
      <object_component id="oc-1b6">
         <name>.debug_info</name>
         <load_address>0x54b8</load_address>
         <run_address>0x54b8</run_address>
         <size>0x27e</size>
         <input_file_ref idref="fl-c7"/>
      </object_component>
      <object_component id="oc-b3">
         <name>.debug_info</name>
         <load_address>0x5736</load_address>
         <run_address>0x5736</run_address>
         <size>0x2c</size>
         <input_file_ref idref="fl-c7"/>
      </object_component>
      <object_component id="oc-b8">
         <name>.debug_info</name>
         <load_address>0x5762</load_address>
         <run_address>0x5762</run_address>
         <size>0x62</size>
         <input_file_ref idref="fl-c7"/>
      </object_component>
      <object_component id="oc-1df">
         <name>.debug_info</name>
         <load_address>0x57c4</load_address>
         <run_address>0x57c4</run_address>
         <size>0x2be</size>
         <input_file_ref idref="fl-c8"/>
      </object_component>
      <object_component id="oc-15d">
         <name>.debug_info</name>
         <load_address>0x5a82</load_address>
         <run_address>0x5a82</run_address>
         <size>0x113</size>
         <input_file_ref idref="fl-c8"/>
      </object_component>
      <object_component id="oc-1da">
         <name>.debug_info</name>
         <load_address>0x5b95</load_address>
         <run_address>0x5b95</run_address>
         <size>0x123</size>
         <input_file_ref idref="fl-c8"/>
      </object_component>
      <object_component id="oc-1cb">
         <name>.debug_info</name>
         <load_address>0x5cb8</load_address>
         <run_address>0x5cb8</run_address>
         <size>0x299</size>
         <input_file_ref idref="fl-ca"/>
      </object_component>
      <object_component id="oc-147">
         <name>.debug_info</name>
         <load_address>0x5f51</load_address>
         <run_address>0x5f51</run_address>
         <size>0x24c</size>
         <input_file_ref idref="fl-ca"/>
      </object_component>
      <object_component id="oc-19d">
         <name>.debug_info</name>
         <load_address>0x619d</load_address>
         <run_address>0x619d</run_address>
         <size>0x27f</size>
         <input_file_ref idref="fl-cb"/>
      </object_component>
      <object_component id="oc-12f">
         <name>.debug_info</name>
         <load_address>0x641c</load_address>
         <run_address>0x641c</run_address>
         <size>0x258</size>
         <input_file_ref idref="fl-cb"/>
      </object_component>
      <object_component id="oc-19f">
         <name>.debug_info</name>
         <load_address>0x6674</load_address>
         <run_address>0x6674</run_address>
         <size>0x299</size>
         <input_file_ref idref="fl-cc"/>
      </object_component>
      <object_component id="oc-137">
         <name>.debug_info</name>
         <load_address>0x690d</load_address>
         <run_address>0x690d</run_address>
         <size>0x231</size>
         <input_file_ref idref="fl-cc"/>
      </object_component>
      <object_component id="oc-1a1">
         <name>.debug_info</name>
         <load_address>0x6b3e</load_address>
         <run_address>0x6b3e</run_address>
         <size>0x284</size>
         <input_file_ref idref="fl-cd"/>
      </object_component>
      <object_component id="oc-13d">
         <name>.debug_info</name>
         <load_address>0x6dc2</load_address>
         <run_address>0x6dc2</run_address>
         <size>0x22a</size>
         <input_file_ref idref="fl-cd"/>
      </object_component>
      <object_component id="oc-191">
         <name>.debug_info</name>
         <load_address>0x6fec</load_address>
         <run_address>0x6fec</run_address>
         <size>0x335</size>
         <input_file_ref idref="fl-ce"/>
      </object_component>
      <object_component id="oc-129">
         <name>.debug_info</name>
         <load_address>0x7321</load_address>
         <run_address>0x7321</run_address>
         <size>0x1fd</size>
         <input_file_ref idref="fl-ce"/>
      </object_component>
      <object_component id="oc-186">
         <name>.debug_info</name>
         <load_address>0x751e</load_address>
         <run_address>0x751e</run_address>
         <size>0x1bb</size>
         <input_file_ref idref="fl-ce"/>
      </object_component>
      <object_component id="oc-18c">
         <name>.debug_info</name>
         <load_address>0x76d9</load_address>
         <run_address>0x76d9</run_address>
         <size>0x16e</size>
         <input_file_ref idref="fl-ce"/>
      </object_component>
      <object_component id="oc-192">
         <name>.debug_info</name>
         <load_address>0x7847</load_address>
         <run_address>0x7847</run_address>
         <size>0x2c</size>
         <input_file_ref idref="fl-ce"/>
      </object_component>
      <object_component id="oc-197">
         <name>.debug_info</name>
         <load_address>0x7873</load_address>
         <run_address>0x7873</run_address>
         <size>0x69</size>
         <input_file_ref idref="fl-ce"/>
      </object_component>
      <object_component id="oc-1a3">
         <name>.debug_info</name>
         <load_address>0x78dc</load_address>
         <run_address>0x78dc</run_address>
         <size>0x15d</size>
         <input_file_ref idref="fl-cf"/>
      </object_component>
      <object_component id="oc-94">
         <name>.debug_info</name>
         <load_address>0x7a39</load_address>
         <run_address>0x7a39</run_address>
         <size>0x13f</size>
         <input_file_ref idref="fl-d0"/>
      </object_component>
      <object_component id="oc-163">
         <name>.debug_info</name>
         <load_address>0x7b78</load_address>
         <run_address>0x7b78</run_address>
         <size>0x547</size>
         <input_file_ref idref="fl-d1"/>
      </object_component>
      <object_component id="oc-e7">
         <name>.debug_info</name>
         <load_address>0x80bf</load_address>
         <run_address>0x80bf</run_address>
         <size>0x19b</size>
         <input_file_ref idref="fl-d1"/>
      </object_component>
      <object_component id="oc-1e5">
         <name>.debug_info</name>
         <load_address>0x825a</load_address>
         <run_address>0x825a</run_address>
         <size>0x39</size>
         <input_file_ref idref="fl-d1"/>
      </object_component>
      <object_component id="oc-27e">
         <name>.debug_info</name>
         <load_address>0x8293</load_address>
         <run_address>0x8293</run_address>
         <size>0x39</size>
         <input_file_ref idref="fl-d1"/>
      </object_component>
      <object_component id="oc-1ea">
         <name>.debug_info</name>
         <load_address>0x82cc</load_address>
         <run_address>0x82cc</run_address>
         <size>0x39</size>
         <input_file_ref idref="fl-d1"/>
      </object_component>
      <object_component id="oc-1ef">
         <name>.debug_info</name>
         <load_address>0x8305</load_address>
         <run_address>0x8305</run_address>
         <size>0xcd</size>
         <input_file_ref idref="fl-d1"/>
      </object_component>
      <object_component id="oc-9a">
         <name>.debug_info</name>
         <load_address>0x83d2</load_address>
         <run_address>0x83d2</run_address>
         <size>0x148</size>
         <input_file_ref idref="fl-d2"/>
      </object_component>
      <object_component id="oc-232">
         <name>.debug_info</name>
         <load_address>0x851a</load_address>
         <run_address>0x851a</run_address>
         <size>0x8a6</size>
         <input_file_ref idref="fl-d4"/>
      </object_component>
      <object_component id="oc-1fd">
         <name>.debug_info</name>
         <load_address>0x8dc0</load_address>
         <run_address>0x8dc0</run_address>
         <size>0x213</size>
         <input_file_ref idref="fl-d4"/>
      </object_component>
      <object_component id="oc-2bb">
         <name>.debug_info</name>
         <load_address>0x8fd3</load_address>
         <run_address>0x8fd3</run_address>
         <size>0x1a8</size>
         <input_file_ref idref="fl-d4"/>
      </object_component>
      <object_component id="oc-2c1">
         <name>.debug_info</name>
         <load_address>0x917b</load_address>
         <run_address>0x917b</run_address>
         <size>0x210</size>
         <input_file_ref idref="fl-d4"/>
      </object_component>
      <object_component id="oc-208">
         <name>.debug_info</name>
         <load_address>0x938b</load_address>
         <run_address>0x938b</run_address>
         <size>0x3b0</size>
         <input_file_ref idref="fl-d4"/>
      </object_component>
      <object_component id="oc-2c8">
         <name>.debug_info</name>
         <load_address>0x973b</load_address>
         <run_address>0x973b</run_address>
         <size>0x2fa</size>
         <input_file_ref idref="fl-d4"/>
      </object_component>
      <object_component id="oc-2ce">
         <name>.debug_info</name>
         <load_address>0x9a35</load_address>
         <run_address>0x9a35</run_address>
         <size>0x20a</size>
         <input_file_ref idref="fl-d4"/>
      </object_component>
      <object_component id="oc-20e">
         <name>.debug_info</name>
         <load_address>0x9c3f</load_address>
         <run_address>0x9c3f</run_address>
         <size>0x20a</size>
         <input_file_ref idref="fl-d4"/>
      </object_component>
      <object_component id="oc-214">
         <name>.debug_info</name>
         <load_address>0x9e49</load_address>
         <run_address>0x9e49</run_address>
         <size>0x2f9</size>
         <input_file_ref idref="fl-d4"/>
      </object_component>
      <object_component id="oc-21a">
         <name>.debug_info</name>
         <load_address>0xa142</load_address>
         <run_address>0xa142</run_address>
         <size>0x4a5</size>
         <input_file_ref idref="fl-d4"/>
      </object_component>
      <object_component id="oc-17f">
         <name>.debug_info</name>
         <load_address>0xa5e7</load_address>
         <run_address>0xa5e7</run_address>
         <size>0x5cd</size>
         <input_file_ref idref="fl-d4"/>
      </object_component>
      <object_component id="oc-233">
         <name>.debug_info</name>
         <load_address>0xabb4</load_address>
         <run_address>0xabb4</run_address>
         <size>0x86</size>
         <input_file_ref idref="fl-d4"/>
      </object_component>
      <object_component id="oc-2f8">
         <name>.debug_info</name>
         <load_address>0xac3a</load_address>
         <run_address>0xac3a</run_address>
         <size>0x39</size>
         <input_file_ref idref="fl-d4"/>
      </object_component>
      <object_component id="oc-33d">
         <name>.debug_info</name>
         <load_address>0xac73</load_address>
         <run_address>0xac73</run_address>
         <size>0xb6</size>
         <input_file_ref idref="fl-d4"/>
      </object_component>
      <object_component id="oc-2fd">
         <name>.debug_info</name>
         <load_address>0xad29</load_address>
         <run_address>0xad29</run_address>
         <size>0x46</size>
         <input_file_ref idref="fl-d4"/>
      </object_component>
      <object_component id="oc-238">
         <name>.debug_info</name>
         <load_address>0xad6f</load_address>
         <run_address>0xad6f</run_address>
         <size>0x46</size>
         <input_file_ref idref="fl-d4"/>
      </object_component>
      <object_component id="oc-28e">
         <name>.debug_info</name>
         <load_address>0xadb5</load_address>
         <run_address>0xadb5</run_address>
         <size>0x2ae</size>
         <input_file_ref idref="fl-d5"/>
      </object_component>
      <object_component id="oc-1f9">
         <name>.debug_info</name>
         <load_address>0xb063</load_address>
         <run_address>0xb063</run_address>
         <size>0x171</size>
         <input_file_ref idref="fl-d5"/>
      </object_component>
      <object_component id="oc-30a">
         <name>.debug_info</name>
         <load_address>0xb1d4</load_address>
         <run_address>0xb1d4</run_address>
         <size>0xee</size>
         <input_file_ref idref="fl-d6"/>
      </object_component>
      <object_component id="oc-28b">
         <name>.debug_info</name>
         <load_address>0xb2c2</load_address>
         <run_address>0xb2c2</run_address>
         <size>0xfa</size>
         <input_file_ref idref="fl-d6"/>
      </object_component>
      <object_component id="oc-318">
         <name>.debug_info</name>
         <load_address>0xb3bc</load_address>
         <run_address>0xb3bc</run_address>
         <size>0x290</size>
         <input_file_ref idref="fl-d7"/>
      </object_component>
      <object_component id="oc-2ab">
         <name>.debug_info</name>
         <load_address>0xb64c</load_address>
         <run_address>0xb64c</run_address>
         <size>0x1c2</size>
         <input_file_ref idref="fl-d7"/>
      </object_component>
      <object_component id="oc-2e9">
         <name>.debug_info</name>
         <load_address>0xb80e</load_address>
         <run_address>0xb80e</run_address>
         <size>0x28b</size>
         <input_file_ref idref="fl-d8"/>
      </object_component>
      <object_component id="oc-220">
         <name>.debug_info</name>
         <load_address>0xba99</load_address>
         <run_address>0xba99</run_address>
         <size>0x1ab</size>
         <input_file_ref idref="fl-d8"/>
      </object_component>
      <object_component id="oc-32f">
         <name>.debug_info</name>
         <load_address>0xbc44</load_address>
         <run_address>0xbc44</run_address>
         <size>0x28f</size>
         <input_file_ref idref="fl-d9"/>
      </object_component>
      <object_component id="oc-2e4">
         <name>.debug_info</name>
         <load_address>0xbed3</load_address>
         <run_address>0xbed3</run_address>
         <size>0x247</size>
         <input_file_ref idref="fl-d9"/>
      </object_component>
      <object_component id="oc-320">
         <name>.debug_info</name>
         <load_address>0xc11a</load_address>
         <run_address>0xc11a</run_address>
         <size>0x28f</size>
         <input_file_ref idref="fl-da"/>
      </object_component>
      <object_component id="oc-2d6">
         <name>.debug_info</name>
         <load_address>0xc3a9</load_address>
         <run_address>0xc3a9</run_address>
         <size>0x18a</size>
         <input_file_ref idref="fl-da"/>
      </object_component>
      <object_component id="oc-349">
         <name>.debug_info</name>
         <load_address>0xc533</load_address>
         <run_address>0xc533</run_address>
         <size>0x39</size>
         <input_file_ref idref="fl-da"/>
      </object_component>
      <object_component id="oc-321">
         <name>.debug_info</name>
         <load_address>0xc56c</load_address>
         <run_address>0xc56c</run_address>
         <size>0x2c</size>
         <input_file_ref idref="fl-da"/>
      </object_component>
      <object_component id="oc-32d">
         <name>.debug_info</name>
         <load_address>0xc598</load_address>
         <run_address>0xc598</run_address>
         <size>0x2f2</size>
         <input_file_ref idref="fl-db"/>
      </object_component>
      <object_component id="oc-2df">
         <name>.debug_info</name>
         <load_address>0xc88a</load_address>
         <run_address>0xc88a</run_address>
         <size>0x21a</size>
         <input_file_ref idref="fl-db"/>
      </object_component>
      <object_component id="oc-327">
         <name>.debug_info</name>
         <load_address>0xcaa4</load_address>
         <run_address>0xcaa4</run_address>
         <size>0x156</size>
         <input_file_ref idref="fl-dc"/>
      </object_component>
      <object_component id="oc-2f0">
         <name>.debug_info</name>
         <load_address>0xcbfa</load_address>
         <run_address>0xcbfa</run_address>
         <size>0x284</size>
         <input_file_ref idref="fl-dd"/>
      </object_component>
      <object_component id="oc-228">
         <name>.debug_info</name>
         <load_address>0xce7e</load_address>
         <run_address>0xce7e</run_address>
         <size>0x14f</size>
         <input_file_ref idref="fl-dd"/>
      </object_component>
      <object_component id="oc-332">
         <name>.debug_info</name>
         <load_address>0xcfcd</load_address>
         <run_address>0xcfcd</run_address>
         <size>0x46</size>
         <input_file_ref idref="fl-dd"/>
      </object_component>
      <object_component id="oc-2eb">
         <name>.debug_info</name>
         <load_address>0xd013</load_address>
         <run_address>0xd013</run_address>
         <size>0x39</size>
         <input_file_ref idref="fl-dd"/>
      </object_component>
      <object_component id="oc-2b6">
         <name>.debug_info</name>
         <load_address>0xd04c</load_address>
         <run_address>0xd04c</run_address>
         <size>0x144</size>
         <input_file_ref idref="fl-de"/>
      </object_component>
      <object_component id="oc-204">
         <name>.debug_info</name>
         <load_address>0xd190</load_address>
         <run_address>0xd190</run_address>
         <size>0x120</size>
         <input_file_ref idref="fl-df"/>
      </object_component>
      <object_component id="oc-2a1">
         <name>.debug_info</name>
         <load_address>0xd2b0</load_address>
         <run_address>0xd2b0</run_address>
         <size>0x122</size>
         <input_file_ref idref="fl-df"/>
      </object_component>
      <object_component id="oc-29c">
         <name>.debug_info</name>
         <load_address>0xd3d2</load_address>
         <run_address>0xd3d2</run_address>
         <size>0x132</size>
         <input_file_ref idref="fl-e0"/>
      </object_component>
      <object_component id="oc-297">
         <name>.debug_info</name>
         <load_address>0xd504</load_address>
         <run_address>0xd504</run_address>
         <size>0x132</size>
         <input_file_ref idref="fl-e1"/>
      </object_component>
      <object_component id="oc-2a6">
         <name>.debug_info</name>
         <load_address>0xd636</load_address>
         <run_address>0xd636</run_address>
         <size>0x126</size>
         <input_file_ref idref="fl-e2"/>
      </object_component>
      <object_component id="oc-2b2">
         <name>.debug_info</name>
         <load_address>0xd75c</load_address>
         <run_address>0xd75c</run_address>
         <size>0x124</size>
         <input_file_ref idref="fl-e3"/>
      </object_component>
      <object_component id="oc-291">
         <name>.debug_info</name>
         <load_address>0xd880</load_address>
         <run_address>0xd880</run_address>
         <size>0x12c</size>
         <input_file_ref idref="fl-e4"/>
      </object_component>
      <object_component id="oc-2f5">
         <name>.debug_info</name>
         <load_address>0xd9ac</load_address>
         <run_address>0xd9ac</run_address>
         <size>0x27e</size>
         <input_file_ref idref="fl-e5"/>
      </object_component>
      <object_component id="oc-2f2">
         <name>.debug_info</name>
         <load_address>0xdc2a</load_address>
         <run_address>0xdc2a</run_address>
         <size>0x103</size>
         <input_file_ref idref="fl-e5"/>
      </object_component>
      <object_component id="oc-22e">
         <name>.debug_info</name>
         <load_address>0xdd2d</load_address>
         <run_address>0xdd2d</run_address>
         <size>0x143</size>
         <input_file_ref idref="fl-e5"/>
      </object_component>
      <object_component id="oc-30e">
         <name>.debug_info</name>
         <load_address>0xde70</load_address>
         <run_address>0xde70</run_address>
         <size>0x10d</size>
         <input_file_ref idref="fl-e6"/>
      </object_component>
      <object_component id="oc-380">
         <name>.debug_info</name>
         <load_address>0xdf7d</load_address>
         <run_address>0xdf7d</run_address>
         <size>0x8d</size>
      </object_component>
      <object_component id="oc-119">
         <name>.debug_line</name>
         <load_address>0x0</load_address>
         <run_address>0x0</run_address>
         <size>0x2c</size>
         <input_file_ref idref="fl-2"/>
      </object_component>
      <object_component id="oc-a4">
         <name>.debug_line</name>
         <load_address>0x2c</load_address>
         <run_address>0x2c</run_address>
         <size>0x49</size>
         <input_file_ref idref="fl-2"/>
      </object_component>
      <object_component id="oc-77">
         <name>.debug_line</name>
         <load_address>0x75</load_address>
         <run_address>0x75</run_address>
         <size>0x69</size>
         <input_file_ref idref="fl-2"/>
      </object_component>
      <object_component id="oc-39">
         <name>.debug_line</name>
         <load_address>0xde</load_address>
         <run_address>0xde</run_address>
         <size>0x20</size>
         <input_file_ref idref="fl-2"/>
      </object_component>
      <object_component id="oc-c0">
         <name>.debug_line</name>
         <load_address>0xfe</load_address>
         <run_address>0xfe</run_address>
         <size>0x6d</size>
         <input_file_ref idref="fl-2"/>
      </object_component>
      <object_component id="oc-7c">
         <name>.debug_line</name>
         <load_address>0x16b</load_address>
         <run_address>0x16b</run_address>
         <size>0x6a</size>
         <input_file_ref idref="fl-2"/>
      </object_component>
      <object_component id="oc-1d3">
         <name>.debug_line</name>
         <load_address>0x1d5</load_address>
         <run_address>0x1d5</run_address>
         <size>0x64</size>
         <input_file_ref idref="fl-2"/>
      </object_component>
      <object_component id="oc-156">
         <name>.debug_line</name>
         <load_address>0x239</load_address>
         <run_address>0x239</run_address>
         <size>0x65</size>
         <input_file_ref idref="fl-2"/>
      </object_component>
      <object_component id="oc-1cf">
         <name>.debug_line</name>
         <load_address>0x29e</load_address>
         <run_address>0x29e</run_address>
         <size>0xb7</size>
         <input_file_ref idref="fl-3"/>
      </object_component>
      <object_component id="oc-1cd">
         <name>.debug_line</name>
         <load_address>0x355</load_address>
         <run_address>0x355</run_address>
         <size>0x2c</size>
         <input_file_ref idref="fl-3"/>
      </object_component>
      <object_component id="oc-121">
         <name>.debug_line</name>
         <load_address>0x381</load_address>
         <run_address>0x381</run_address>
         <size>0x45</size>
         <input_file_ref idref="fl-3"/>
      </object_component>
      <object_component id="oc-d8">
         <name>.debug_line</name>
         <load_address>0x3c6</load_address>
         <run_address>0x3c6</run_address>
         <size>0x1ef</size>
         <input_file_ref idref="fl-3"/>
      </object_component>
      <object_component id="oc-11b">
         <name>.debug_line</name>
         <load_address>0x5b5</load_address>
         <run_address>0x5b5</run_address>
         <size>0x110</size>
         <input_file_ref idref="fl-4"/>
      </object_component>
      <object_component id="oc-17c">
         <name>.debug_line</name>
         <load_address>0x6c5</load_address>
         <run_address>0x6c5</run_address>
         <size>0x2e</size>
         <input_file_ref idref="fl-4"/>
      </object_component>
      <object_component id="oc-73">
         <name>.debug_line</name>
         <load_address>0x6f3</load_address>
         <run_address>0x6f3</run_address>
         <size>0x41</size>
         <input_file_ref idref="fl-5"/>
      </object_component>
      <object_component id="oc-2e">
         <name>.debug_line</name>
         <load_address>0x734</load_address>
         <run_address>0x734</run_address>
         <size>0x41</size>
         <input_file_ref idref="fl-5"/>
      </object_component>
      <object_component id="oc-2c">
         <name>.debug_line</name>
         <load_address>0x775</load_address>
         <run_address>0x775</run_address>
         <size>0xa1</size>
         <input_file_ref idref="fl-5"/>
      </object_component>
      <object_component id="oc-26e">
         <name>.debug_line</name>
         <load_address>0x816</load_address>
         <run_address>0x816</run_address>
         <size>0xa4</size>
         <input_file_ref idref="fl-c0"/>
      </object_component>
      <object_component id="oc-26c">
         <name>.debug_line</name>
         <load_address>0x8ba</load_address>
         <run_address>0x8ba</run_address>
         <size>0x2f</size>
         <input_file_ref idref="fl-c0"/>
      </object_component>
      <object_component id="oc-1b2">
         <name>.debug_line</name>
         <load_address>0x8e9</load_address>
         <run_address>0x8e9</run_address>
         <size>0x96</size>
         <input_file_ref idref="fl-c0"/>
      </object_component>
      <object_component id="oc-143">
         <name>.debug_line</name>
         <load_address>0x97f</load_address>
         <run_address>0x97f</run_address>
         <size>0x10f</size>
         <input_file_ref idref="fl-c0"/>
      </object_component>
      <object_component id="oc-277">
         <name>.debug_line</name>
         <load_address>0xa8e</load_address>
         <run_address>0xa8e</run_address>
         <size>0x2c</size>
         <input_file_ref idref="fl-c0"/>
      </object_component>
      <object_component id="oc-1c3">
         <name>.debug_line</name>
         <load_address>0xaba</load_address>
         <run_address>0xaba</run_address>
         <size>0x8a</size>
         <input_file_ref idref="fl-c0"/>
      </object_component>
      <object_component id="oc-272">
         <name>.debug_line</name>
         <load_address>0xb44</load_address>
         <run_address>0xb44</run_address>
         <size>0x8a</size>
         <input_file_ref idref="fl-c0"/>
      </object_component>
      <object_component id="oc-1c8">
         <name>.debug_line</name>
         <load_address>0xbce</load_address>
         <run_address>0xbce</run_address>
         <size>0x2f</size>
         <input_file_ref idref="fl-c0"/>
      </object_component>
      <object_component id="oc-24b">
         <name>.debug_line</name>
         <load_address>0xbfd</load_address>
         <run_address>0xbfd</run_address>
         <size>0x2b</size>
         <input_file_ref idref="fl-c0"/>
      </object_component>
      <object_component id="oc-3f">
         <name>.debug_line</name>
         <load_address>0xc28</load_address>
         <run_address>0xc28</run_address>
         <size>0x88</size>
         <input_file_ref idref="fl-c1"/>
      </object_component>
      <object_component id="oc-d0">
         <name>.debug_line</name>
         <load_address>0xcb0</load_address>
         <run_address>0xcb0</run_address>
         <size>0x9e</size>
         <input_file_ref idref="fl-c2"/>
      </object_component>
      <object_component id="oc-49">
         <name>.debug_line</name>
         <load_address>0xd4e</load_address>
         <run_address>0xd4e</run_address>
         <size>0x4f</size>
         <input_file_ref idref="fl-c2"/>
      </object_component>
      <object_component id="oc-90">
         <name>.debug_line</name>
         <load_address>0xd9d</load_address>
         <run_address>0xd9d</run_address>
         <size>0x34</size>
         <input_file_ref idref="fl-c2"/>
      </object_component>
      <object_component id="oc-cd">
         <name>.debug_line</name>
         <load_address>0xdd1</load_address>
         <run_address>0xdd1</run_address>
         <size>0x8a</size>
         <input_file_ref idref="fl-c2"/>
      </object_component>
      <object_component id="oc-8b">
         <name>.debug_line</name>
         <load_address>0xe5b</load_address>
         <run_address>0xe5b</run_address>
         <size>0x20</size>
         <input_file_ref idref="fl-c3"/>
      </object_component>
      <object_component id="oc-1d">
         <name>.debug_line</name>
         <load_address>0xe7b</load_address>
         <run_address>0xe7b</run_address>
         <size>0x55</size>
         <input_file_ref idref="fl-c3"/>
      </object_component>
      <object_component id="oc-44">
         <name>.debug_line</name>
         <load_address>0xed0</load_address>
         <run_address>0xed0</run_address>
         <size>0x3a</size>
         <input_file_ref idref="fl-c3"/>
      </object_component>
      <object_component id="oc-88">
         <name>.debug_line</name>
         <load_address>0xf0a</load_address>
         <run_address>0xf0a</run_address>
         <size>0x8a</size>
         <input_file_ref idref="fl-c3"/>
      </object_component>
      <object_component id="oc-c9">
         <name>.debug_line</name>
         <load_address>0xf94</load_address>
         <run_address>0xf94</run_address>
         <size>0x20</size>
         <input_file_ref idref="fl-c4"/>
      </object_component>
      <object_component id="oc-17">
         <name>.debug_line</name>
         <load_address>0xfb4</load_address>
         <run_address>0xfb4</run_address>
         <size>0xa9</size>
         <input_file_ref idref="fl-c4"/>
      </object_component>
      <object_component id="oc-34">
         <name>.debug_line</name>
         <load_address>0x105d</load_address>
         <run_address>0x105d</run_address>
         <size>0x3a</size>
         <input_file_ref idref="fl-c4"/>
      </object_component>
      <object_component id="oc-c6">
         <name>.debug_line</name>
         <load_address>0x1097</load_address>
         <run_address>0x1097</run_address>
         <size>0x92</size>
         <input_file_ref idref="fl-c4"/>
      </object_component>
      <object_component id="oc-81">
         <name>.debug_line</name>
         <load_address>0x1129</load_address>
         <run_address>0x1129</run_address>
         <size>0x8e</size>
         <input_file_ref idref="fl-c4"/>
      </object_component>
      <object_component id="oc-6c">
         <name>.debug_line</name>
         <load_address>0x11b7</load_address>
         <run_address>0x11b7</run_address>
         <size>0x33</size>
         <input_file_ref idref="fl-c5"/>
      </object_component>
      <object_component id="oc-5e">
         <name>.debug_line</name>
         <load_address>0x11ea</load_address>
         <run_address>0x11ea</run_address>
         <size>0x56</size>
         <input_file_ref idref="fl-c5"/>
      </object_component>
      <object_component id="oc-dc">
         <name>.debug_line</name>
         <load_address>0x1240</load_address>
         <run_address>0x1240</run_address>
         <size>0x3c</size>
         <input_file_ref idref="fl-c6"/>
      </object_component>
      <object_component id="oc-b2">
         <name>.debug_line</name>
         <load_address>0x127c</load_address>
         <run_address>0x127c</run_address>
         <size>0x95</size>
         <input_file_ref idref="fl-c7"/>
      </object_component>
      <object_component id="oc-6e">
         <name>.debug_line</name>
         <load_address>0x1311</load_address>
         <run_address>0x1311</run_address>
         <size>0x2c</size>
         <input_file_ref idref="fl-c7"/>
      </object_component>
      <object_component id="oc-306">
         <name>.debug_line</name>
         <load_address>0x133d</load_address>
         <run_address>0x133d</run_address>
         <size>0x2c</size>
         <input_file_ref idref="fl-c7"/>
      </object_component>
      <object_component id="oc-251">
         <name>.debug_line</name>
         <load_address>0x1369</load_address>
         <run_address>0x1369</run_address>
         <size>0x4b</size>
         <input_file_ref idref="fl-c7"/>
      </object_component>
      <object_component id="oc-258">
         <name>.debug_line</name>
         <load_address>0x13b4</load_address>
         <run_address>0x13b4</run_address>
         <size>0x5a</size>
         <input_file_ref idref="fl-c7"/>
      </object_component>
      <object_component id="oc-25d">
         <name>.debug_line</name>
         <load_address>0x140e</load_address>
         <run_address>0x140e</run_address>
         <size>0x67</size>
         <input_file_ref idref="fl-c7"/>
      </object_component>
      <object_component id="oc-1ac">
         <name>.debug_line</name>
         <load_address>0x1475</load_address>
         <run_address>0x1475</run_address>
         <size>0x73</size>
         <input_file_ref idref="fl-c7"/>
      </object_component>
      <object_component id="oc-267">
         <name>.debug_line</name>
         <load_address>0x14e8</load_address>
         <run_address>0x14e8</run_address>
         <size>0xa0</size>
         <input_file_ref idref="fl-c7"/>
      </object_component>
      <object_component id="oc-1b9">
         <name>.debug_line</name>
         <load_address>0x1588</load_address>
         <run_address>0x1588</run_address>
         <size>0xb4</size>
         <input_file_ref idref="fl-c7"/>
      </object_component>
      <object_component id="oc-b6">
         <name>.debug_line</name>
         <load_address>0x163c</load_address>
         <run_address>0x163c</run_address>
         <size>0x8a</size>
         <input_file_ref idref="fl-c7"/>
      </object_component>
      <object_component id="oc-bb">
         <name>.debug_line</name>
         <load_address>0x16c6</load_address>
         <run_address>0x16c6</run_address>
         <size>0x2c</size>
         <input_file_ref idref="fl-c7"/>
      </object_component>
      <object_component id="oc-27d">
         <name>.debug_line</name>
         <load_address>0x16f2</load_address>
         <run_address>0x16f2</run_address>
         <size>0x20</size>
         <input_file_ref idref="fl-c8"/>
      </object_component>
      <object_component id="oc-1de">
         <name>.debug_line</name>
         <load_address>0x1712</load_address>
         <run_address>0x1712</run_address>
         <size>0x2b</size>
         <input_file_ref idref="fl-c8"/>
      </object_component>
      <object_component id="oc-1dc">
         <name>.debug_line</name>
         <load_address>0x173d</load_address>
         <run_address>0x173d</run_address>
         <size>0x3a</size>
         <input_file_ref idref="fl-c8"/>
      </object_component>
      <object_component id="oc-27a">
         <name>.debug_line</name>
         <load_address>0x1777</load_address>
         <run_address>0x1777</run_address>
         <size>0x20</size>
         <input_file_ref idref="fl-ca"/>
      </object_component>
      <object_component id="oc-146">
         <name>.debug_line</name>
         <load_address>0x1797</load_address>
         <run_address>0x1797</run_address>
         <size>0xa7</size>
         <input_file_ref idref="fl-ca"/>
      </object_component>
      <object_component id="oc-242">
         <name>.debug_line</name>
         <load_address>0x183e</load_address>
         <run_address>0x183e</run_address>
         <size>0x20</size>
         <input_file_ref idref="fl-cb"/>
      </object_component>
      <object_component id="oc-12e">
         <name>.debug_line</name>
         <load_address>0x185e</load_address>
         <run_address>0x185e</run_address>
         <size>0xa5</size>
         <input_file_ref idref="fl-cb"/>
      </object_component>
      <object_component id="oc-244">
         <name>.debug_line</name>
         <load_address>0x1903</load_address>
         <run_address>0x1903</run_address>
         <size>0x20</size>
         <input_file_ref idref="fl-cc"/>
      </object_component>
      <object_component id="oc-136">
         <name>.debug_line</name>
         <load_address>0x1923</load_address>
         <run_address>0x1923</run_address>
         <size>0xa0</size>
         <input_file_ref idref="fl-cc"/>
      </object_component>
      <object_component id="oc-246">
         <name>.debug_line</name>
         <load_address>0x19c3</load_address>
         <run_address>0x19c3</run_address>
         <size>0x20</size>
         <input_file_ref idref="fl-cd"/>
      </object_component>
      <object_component id="oc-13b">
         <name>.debug_line</name>
         <load_address>0x19e3</load_address>
         <run_address>0x19e3</run_address>
         <size>0xaa</size>
         <input_file_ref idref="fl-cd"/>
      </object_component>
      <object_component id="oc-240">
         <name>.debug_line</name>
         <load_address>0x1a8d</load_address>
         <run_address>0x1a8d</run_address>
         <size>0x2f</size>
         <input_file_ref idref="fl-ce"/>
      </object_component>
      <object_component id="oc-12c">
[...]
            <object_component_ref idref="oc-2ec"/>
         </contents>
      </logical_group>
      <load_segment id="lg-38c" display="no" color="cyan">
         <name>SEGMENT_0</name>
         <load_address>0x0</load_address>
         <run_address>0x0</run_address>
         <size>0x2c40</size>
         <flags>0x5</flags>
         <contents>
            <logical_group_ref idref="lg-3"/>
            <logical_group_ref idref="lg-4"/>
            <logical_group_ref idref="lg-5"/>
            <logical_group_ref idref="lg-6"/>
         </contents>
      </load_segment>
      <load_segment id="lg-38d" display="no" color="cyan">
         <name>SEGMENT_1</name>
         <run_address>0x20000000</run_address>
         <size>0x2088</size>
         <flags>0x6</flags>
         <contents>
            <logical_group_ref idref="lg-d"/>
            <logical_group_ref idref="lg-c"/>
            <logical_group_ref idref="lg-b"/>
            <logical_group_ref idref="lg-a"/>
         </contents>
      </load_segment>
   </logical_group_list>
   <placement_map>
      <memory_area display="yes" color="green">
         <name>FLASH</name>
         <page_id>0x0</page_id>
         <origin>0x0</origin>
         <length>0x40000</length>
         <used_space>0x2c3e</used_space>
         <unused_space>0x3d3c2</unused_space>
         <attributes>RX</attributes>
         <usage_details>
            <allocated_space>
               <start_address>0x0</start_address>
               <size>0x26c</size>
               <logical_group_ref idref="lg-3"/>
            </allocated_space>
            <allocated_space>
               <start_address>0x26c</start_address>
               <size>0x2874</size>
               <logical_group_ref idref="lg-4"/>
            </allocated_space>
            <allocated_space>
               <start_address>0x2ae0</start_address>
               <size>0x11e</size>
               <logical_group_ref idref="lg-5"/>
            </allocated_space>
            <available_space>
               <start_address>0x2bfe</start_address>
               <size>0x2</size>
            </available_space>
            <allocated_space>
               <start_address>0x2c00</start_address>
               <size>0x40</size>
               <logical_group_ref idref="lg-6"/>
            </allocated_space>
            <available_space>
               <start_address>0x2c40</start_address>
               <size>0x3d3c0</size>
            </available_space>
         </usage_details>
      </memory_area>
      <memory_area display="yes" color="green">
         <name>SRAM</name>
         <page_id>0x0</page_id>
         <origin>0x20000000</origin>
         <length>0x8000</length>
         <used_space>0x2088</used_space>
         <unused_space>0x5f78</unused_space>
         <attributes>RWX</attributes>
         <usage_details>
            <allocated_space>
               <start_address>0x20000000</start_address>
               <size>0x1000</size>
               <logical_group_ref idref="lg-d"/>
            </allocated_space>
            <allocated_space>
               <start_address>0x20001000</start_address>
               <size>0x1000</size>
               <logical_group_ref idref="lg-c"/>
            </allocated_space>
            <allocated_space>
               <start_address>0x20002000</start_address>
               <size>0x70</size>
               <logical_group_ref idref="lg-b"/>
            </allocated_space>
            <allocated_space>
               <start_address>0x20002070</start_address>
               <size>0x18</size>
               <logical_group_ref idref="lg-a"/>
            </allocated_space>
            <available_space>
               <start_address>0x20002088</start_address>
               <size>0x5f78</size>
            </available_space>
         </usage_details>
      </memory_area>
   </placement_map>
   <cptbl_list>
      <cptbl>
         <name>__TI_cinit_table</name>
         <cprec>
            <name>.data</name>
            <load_address>0x2c00</load_address>
            <load_size>0x15</load_size>
            <run_address>0x20002070</run_address>
            <run_size>0x18</run_size>
            <compression>lzss</compression>
         </cprec>
         <cprec>
            <name>.bss</name>
            <load_address>0x2c28</load_address>
            <load_size>0x8</load_size>
            <run_address>0x20002000</run_address>
            <run_size>0x70</run_size>
            <compression>zero_init</compression>
         </cprec>
      </cptbl>
   </cptbl_list>
   <handler_table>
      <handler_table_name>__TI_handler_table</handler_table_name>
      <handler>
         <index>0x0</index>
         <name>__TI_decompress_lzss</name>
      </handler>
      <handler>
         <index>0x1</index>
         <name>__TI_decompress_none</name>
      </handler>
      <handler>
         <index>0x2</index>
         <name>__TI_zero_init</name>
      </handler>
   </handler_table>
   <symbol_table>
      <symbol id="sm-1">
         <name>__STACK_TOP</name>
         <value>0x20000200</value>
      </symbol>
      <symbol id="sm-2">
         <name>__TI_CINIT_Base</name>
         <value>0x2c30</value>
      </symbol>
      <symbol id="sm-3">
         <name>__TI_CINIT_Limit</name>
         <value>0x2c40</value>
      </symbol>
      <symbol id="sm-4">
         <name>__TI_Handler_Table_Base</name>
         <value>0x2c18</value>
      </symbol>
      <symbol id="sm-5">
         <name>__TI_Handler_Table_Limit</name>
         <value>0x2c24</value>
      </symbol>
      <symbol id="sm-6">
         <name>binit</name>
         <value>0xffffffff</value>
      </symbol>
      <symbol id="sm-7">
         <name>__binit__</name>
         <value>0xffffffff</value>
      </symbol>
      <symbol id="sm-8">
         <name>__STACK_SIZE</name>
         <value>0x1000</value>
      </symbol>
      <symbol id="sm-9">
         <name>__STACK_END</name>
         <value>0x20001000</value>
      </symbol>
      <symbol id="sm-a">
         <name>__SYSMEM_SIZE</name>
         <value>0x1000</value>
      </symbol>
      <symbol id="sm-b">
         <name>__c_args__</name>
         <value>0xffffffff</value>
      </symbol>
      <symbol id="sm-c">
         <name>__TI_pprof_out_hndl</name>
         <value>0xffffffff</value>
      </symbol>
      <symbol id="sm-d">
         <name>__TI_prof_data_start</name>
         <value>0xffffffff</value>
      </symbol>
      <symbol id="sm-e">
         <name>__TI_prof_data_size</name>
         <value>0xffffffff</value>
      </symbol>
      <symbol id="sm-50">
         <name>main</name>
         <value>0x2a15</value>
         <object_component_ref idref="oc-9f"/>
      </symbol>
      <symbol id="sm-9b">
         <name>lcd_rotatingBanner</name>
         <value>0xfa9</value>
         <object_component_ref idref="oc-d3"/>
      </symbol>
      <symbol id="sm-9c">
         <name>lcd_sendCommand</name>
         <value>0xde3</value>
         <object_component_ref idref="oc-d3"/>
      </symbol>
      <symbol id="sm-9d">
         <name>lcd_sendNibble</name>
         <value>0xe21</value>
         <object_component_ref idref="oc-d3"/>
      </symbol>
      <symbol id="sm-9e">
         <name>lcd_clear</name>
         <value>0x2aa1</value>
         <object_component_ref idref="oc-120"/>
      </symbol>
      <symbol id="sm-9f">
         <name>lcd_printf</name>
         <value>0xecb</value>
         <object_component_ref idref="oc-d3"/>
      </symbol>
      <symbol id="sm-a0">
         <name>lcd_setCursorPos</name>
         <value>0xe8d</value>
         <object_component_ref idref="oc-d3"/>
      </symbol>
      <symbol id="sm-a1">
         <name>lcd_init</name>
         <value>0xccd</value>
         <object_component_ref idref="oc-d3"/>
      </symbol>
      <symbol id="sm-a2">
         <name>lcd_puts</name>
         <value>0xdc5</value>
         <object_component_ref idref="oc-d3"/>
      </symbol>
      <symbol id="sm-a3">
         <name>lcd_putc</name>
         <value>0xd8d</value>
         <object_component_ref idref="oc-d3"/>
      </symbol>
      <symbol id="sm-a4">
         <name>lcd_gotoLine</name>
         <value>0xe65</value>
         <object_component_ref idref="oc-d3"/>
      </symbol>
      <symbol id="sm-ca">
         <name>timer_startClock</name>
         <value>0x1735</value>
         <object_component_ref idref="oc-11a"/>
      </symbol>
      <symbol id="sm-cb">
         <name>timer_stopClock</name>
         <value>0x1787</value>
         <object_component_ref idref="oc-11a"/>
      </symbol>
      <symbol id="sm-cc">
         <name>timer_getClock</name>
         <value>0x1781</value>
         <object_component_ref idref="oc-11a"/>
      </symbol>
      <symbol id="sm-cd">
         <name>timer_stopTimer</name>
         <value>0x171f</value>
         <object_component_ref idref="oc-11a"/>
      </symbol>
      <symbol id="sm-ce">
         <name>timer_startTimer</name>
         <value>0x16cf</value>
         <object_component_ref idref="oc-11a"/>
      </symbol>
      <symbol id="sm-cf">
         <name>timer_waitMillis</name>
         <value>0x1671</value>
         <object_component_ref idref="oc-11a"/>
      </symbol>
      <symbol id="sm-d0">
         <name>timer_waitMicros</name>
         <value>0x16a5</value>
         <object_component_ref idref="oc-11a"/>
      </symbol>
      <symbol id="sm-ec">
         <name>ResetISR</name>
         <value>0x2abf</value>
         <object_component_ref idref="oc-27"/>
      </symbol>
      <symbol id="sm-ed">
         <name>g_pfnVectors</name>
         <value>0x0</value>
         <object_component_ref idref="oc-f"/>
      </symbol>
      <symbol id="sm-141">
         <name>__vla_alloc</name>
         <value>0x1a3d</value>
         <object_component_ref idref="oc-13f"/>
      </symbol>
      <symbol id="sm-15c">
         <name>memcpy</name>
         <value>0x213b</value>
         <object_component_ref idref="oc-3b"/>
      </symbol>
      <symbol id="sm-15d">
         <name>__aeabi_memcpy</name>
         <value>0x213b</value>
         <object_component_ref idref="oc-3b"/>
      </symbol>
      <symbol id="sm-15e">
         <name>__aeabi_memcpy8</name>
         <value>0x213b</value>
         <object_component_ref idref="oc-3b"/>
      </symbol>
      <symbol id="sm-15f">
         <name>__aeabi_memcpy4</name>
         <value>0x213b</value>
         <object_component_ref idref="oc-3b"/>
      </symbol>
      <symbol id="sm-178">
         <name>__TI_zero_init_nomemset</name>
         <value>0x2a7d</value>
         <object_component_ref idref="oc-47"/>
      </symbol>
      <symbol id="sm-18f">
         <name>__TI_decompress_none</name>
         <value>0x2ab1</value>
         <object_component_ref idref="oc-18"/>
      </symbol>
      <symbol id="sm-1b2">
         <name>__TI_decompress_lzss</name>
         <value>0x2553</value>
         <object_component_ref idref="oc-12"/>
      </symbol>
      <symbol id="sm-1c5">
         <name>__stack</name>
         <value>0x20000000</value>
         <object_component_ref idref="oc-21"/>
      </symbol>
      <symbol id="sm-1c6">
         <name>_c_int00_noargs</name>
         <value>0x28b1</value>
         <object_component_ref idref="oc-59"/>
      </symbol>
      <symbol id="sm-1d1">
         <name>C$$EXIT</name>
         <value>0x2add</value>
         <object_component_ref idref="oc-da"/>
      </symbol>
      <symbol id="sm-1d2">
         <name>abort</name>
         <value>0x2add</value>
         <object_component_ref idref="oc-da"/>
      </symbol>
      <symbol id="sm-268">
         <name>_sys_memory</name>
         <value>0x20001000</value>
         <object_component_ref idref="oc-24"/>
      </symbol>
      <symbol id="sm-269">
         <name>free</name>
         <value>0x1fb1</value>
         <object_component_ref idref="oc-263"/>
      </symbol>
      <symbol id="sm-26a">
         <name>realloc</name>
         <value>0x1c91</value>
         <object_component_ref idref="oc-1b4"/>
      </symbol>
      <symbol id="sm-26b">
         <name>malloc</name>
         <value>0x246d</value>
         <object_component_ref idref="oc-1a8"/>
      </symbol>
      <symbol id="sm-26c">
         <name>minit</name>
         <value>0x28e9</value>
         <object_component_ref idref="oc-24d"/>
      </symbol>
      <symbol id="sm-281">
         <name>_nop</name>
         <value>0xccb</value>
         <object_component_ref idref="oc-1d7"/>
      </symbol>
      <symbol id="sm-282">
         <name>_lock</name>
         <value>0x2000207c</value>
         <object_component_ref idref="oc-15c"/>
      </symbol>
      <symbol id="sm-283">
         <name>_unlock</name>
         <value>0x20002080</value>
         <object_component_ref idref="oc-15c"/>
      </symbol>
      <symbol id="sm-294">
         <name>strcat</name>
         <value>0x29a9</value>
         <object_component_ref idref="oc-145"/>
      </symbol>
      <symbol id="sm-2a3">
         <name>strcmp</name>
         <value>0x29fb</value>
         <object_component_ref idref="oc-12d"/>
      </symbol>
      <symbol id="sm-2b1">
         <name>strcpy</name>
         <value>0x2a55</value>
         <object_component_ref idref="oc-133"/>
      </symbol>
      <symbol id="sm-2bf">
         <name>strlen</name>
         <value>0x2a69</value>
         <object_component_ref idref="oc-139"/>
      </symbol>
      <symbol id="sm-2ee">
         <name>vsnprintf</name>
         <value>0x27f5</value>
         <object_component_ref idref="oc-127"/>
      </symbol>
      <symbol id="sm-2f8">
         <name>__abort_execution</name>
         <value>0x2ad5</value>
         <object_component_ref idref="oc-1a2"/>
      </symbol>
      <symbol id="sm-307">
         <name>__aeabi_memset</name>
         <value>0x237b</value>
         <object_component_ref idref="oc-93"/>
      </symbol>
      <symbol id="sm-308">
         <name>memset</name>
         <value>0x2381</value>
         <object_component_ref idref="oc-93"/>
      </symbol>
      <symbol id="sm-309">
         <name>__aeabi_memset8</name>
         <value>0x237b</value>
         <object_component_ref idref="oc-93"/>
      </symbol>
      <symbol id="sm-30a">
         <name>__aeabi_memset4</name>
         <value>0x237b</value>
         <object_component_ref idref="oc-93"/>
      </symbol>
      <symbol id="sm-30b">
         <name>__aeabi_memclr8</name>
         <value>0x2379</value>
         <object_component_ref idref="oc-93"/>
      </symbol>
      <symbol id="sm-30c">
         <name>__aeabi_memclr4</name>
         <value>0x2379</value>
         <object_component_ref idref="oc-93"/>
      </symbol>
      <symbol id="sm-30d">
         <name>__aeabi_memclr</name>
         <value>0x2379</value>
         <object_component_ref idref="oc-93"/>
      </symbol>
      <symbol id="sm-335">
         <name>__TI_auto_init_nobinit_nopinit</name>
         <value>0x27b1</value>
         <object_component_ref idref="oc-e6"/>
      </symbol>
      <symbol id="sm-33f">
         <name>_system_pre_init</name>
         <value>0x2ad9</value>
         <object_component_ref idref="oc-99"/>
      </symbol>
      <symbol id="sm-4a5">
         <name>__TI_printfi</name>
         <value>0x26d</value>
         <object_component_ref idref="oc-17e"/>
      </symbol>
      <symbol id="sm-4bb">
         <name>atoi</name>
         <value>0x271d</value>
         <object_component_ref idref="oc-1f6"/>
      </symbol>
      <symbol id="sm-4c6">
         <name>_ctypes_</name>
         <value>0x2ae0</value>
         <object_component_ref idref="oc-28a"/>
      </symbol>
      <symbol id="sm-4d5">
         <name>ltoa</name>
         <value>0x2677</value>
         <object_component_ref idref="oc-2aa"/>
      </symbol>
      <symbol id="sm-4e5">
         <name>memccpy</name>
         <value>0x29c7</value>
         <object_component_ref idref="oc-21f"/>
      </symbol>
      <symbol id="sm-4f5">
         <name>strchr</name>
         <value>0x2a2b</value>
         <object_component_ref idref="oc-2e1"/>
      </symbol>
      <symbol id="sm-515">
         <name>frexpl</name>
         <value>0x25bd</value>
         <object_component_ref idref="oc-2d5"/>
      </symbol>
      <symbol id="sm-516">
         <name>frexp</name>
         <value>0x25bd</value>
         <object_component_ref idref="oc-2d5"/>
      </symbol>
      <symbol id="sm-533">
         <name>scalbn</name>
         <value>0x1da5</value>
         <object_component_ref idref="oc-2db"/>
      </symbol>
      <symbol id="sm-534">
         <name>scalbnl</name>
         <value>0x1da5</value>
         <object_component_ref idref="oc-2db"/>
      </symbol>
      <symbol id="sm-535">
         <name>ldexpl</name>
         <value>0x1da5</value>
         <object_component_ref idref="oc-2db"/>
      </symbol>
      <symbol id="sm-536">
         <name>ldexp</name>
         <value>0x1da5</value>
         <object_component_ref idref="oc-2db"/>
      </symbol>
      <symbol id="sm-540">
         <name>copysign</name>
         <value>0x2a41</value>
         <object_component_ref idref="oc-326"/>
      </symbol>
      <symbol id="sm-541">
         <name>copysignl</name>
         <value>0x2a41</value>
         <object_component_ref idref="oc-326"/>
      </symbol>
      <symbol id="sm-55a">
         <name>wcslen</name>
         <value>0x2a8f</value>
         <object_component_ref idref="oc-225"/>
      </symbol>
      <symbol id="sm-571">
         <name>__aeabi_dsub</name>
         <value>0x14b9</value>
         <object_component_ref idref="oc-2b5"/>
      </symbol>
      <symbol id="sm-572">
         <name>__aeabi_dadd</name>
         <value>0x14c3</value>
         <object_component_ref idref="oc-2b5"/>
      </symbol>
      <symbol id="sm-594">
         <name>__aeabi_cdcmpeq</name>
         <value>0x226d</value>
         <object_component_ref idref="oc-202"/>
      </symbol>
      <symbol id="sm-595">
         <name>__aeabi_cdcmple</name>
         <value>0x226d</value>
         <object_component_ref idref="oc-202"/>
      </symbol>
      <symbol id="sm-596">
         <name>__aeabi_cdrcmple</name>
         <value>0x22f3</value>
         <object_component_ref idref="oc-2a0"/>
      </symbol>
      <symbol id="sm-5aa">
         <name>__aeabi_ddiv</name>
         <value>0x1905</value>
         <object_component_ref idref="oc-29b"/>
      </symbol>
      <symbol id="sm-5b5">
         <name>__aeabi_dmul</name>
         <value>0x1eb5</value>
         <object_component_ref idref="oc-296"/>
      </symbol>
      <symbol id="sm-5bf">
         <name>__aeabi_d2iz</name>
         <value>0x2769</value>
         <object_component_ref idref="oc-2a5"/>
      </symbol>
      <symbol id="sm-5c9">
         <name>__aeabi_i2d</name>
         <value>0x2951</value>
         <object_component_ref idref="oc-2b0"/>
      </symbol>
      <symbol id="sm-5d6">
         <name>__aeabi_uldivmod</name>
         <value>0x21d7</value>
         <object_component_ref idref="oc-28f"/>
      </symbol>
      <symbol id="sm-5ec">
         <name>__aeabi_errno_addr</name>
         <value>0x2acd</value>
         <object_component_ref idref="oc-22b"/>
      </symbol>
      <symbol id="sm-5ed">
         <name>errno</name>
         <value>0x20002084</value>
         <object_component_ref idref="oc-2f1"/>
      </symbol>
      <symbol id="sm-5f7">
         <name>__aeabi_idiv0</name>
         <value>0x166f</value>
         <object_component_ref idref="oc-30d"/>
      </symbol>
      <symbol id="sm-5f8">
         <name>__aeabi_ldiv0</name>
         <value>0x166f</value>
         <object_component_ref idref="oc-30d"/>
      </symbol>
      <symbol id="sm-5f9">
         <name>__TI_static_base__</name>
         <value>0x0</value>
      </symbol>
      <symbol id="sm-5fc">
         <name>__mpu_init</name>
         <value>0x0</value>
      </symbol>
      <symbol id="sm-5fd">
         <name>_system_post_cinit</name>
         <value>0x0</value>
      </symbol>
   </symbol_table>
   <title>Link successful</title>
</link_info>
